Archive member included to satisfy reference by file (symbol)

app/libapp.a(main.c.obj)      (--whole-archive)
app/libapp.a(flash_map_extended.c.obj)
                              (--whole-archive)
app/libapp.a(os.c.obj)        (--whole-archive)
app/libapp.a(keys.c.obj)      (--whole-archive)
app/libapp.a(image_validate.c.obj)
                              (--whole-archive)
app/libapp.a(tlv.c.obj)       (--whole-archive)
app/libapp.a(encrypted.c.obj)
                              (--whole-archive)
app/libapp.a(image_rsa.c.obj)
                              (--whole-archive)
app/libapp.a(image_ec256.c.obj)
                              (--whole-archive)
app/libapp.a(image_ed25519.c.obj)
                              (--whole-archive)
app/libapp.a(bootutil_misc.c.obj)
                              (--whole-archive)
app/libapp.a(fault_injection_hardening.c.obj)
                              (--whole-archive)
app/libapp.a(loader.c.obj)    (--whole-archive)
app/libapp.a(swap_misc.c.obj)
                              (--whole-archive)
app/libapp.a(swap_scratch.c.obj)
                              (--whole-archive)
app/libapp.a(swap_move.c.obj)
                              (--whole-archive)
app/libapp.a(caps.c.obj)      (--whole-archive)
app/libapp.a(asn1parse.c.obj)
                              (--whole-archive)
app/libapp.a(platform_util.c.obj)
                              (--whole-archive)
app/libapp.a(cc310_glue.c.obj)
                              (--whole-archive)
app/libapp.a(autogen-pubkey.c.obj)
                              (--whole-archive)
app/libapp.a(nrf_cleanup.c.obj)
                              (--whole-archive)
zephyr/libzephyr.a(cbprintf.c.obj)
                              (--whole-archive)
zephyr/libzephyr.a(cbprintf_packaged.c.obj)
                              (--whole-archive)
zephyr/libzephyr.a(crc32c_sw.c.obj)
                              (--whole-archive)
zephyr/libzephyr.a(crc32_sw.c.obj)
                              (--whole-archive)
zephyr/libzephyr.a(crc16_sw.c.obj)
                              (--whole-archive)
zephyr/libzephyr.a(crc8_sw.c.obj)
                              (--whole-archive)
zephyr/libzephyr.a(crc7_sw.c.obj)
                              (--whole-archive)
zephyr/libzephyr.a(dec.c.obj)
                              (--whole-archive)
zephyr/libzephyr.a(fdtable.c.obj)
                              (--whole-archive)
zephyr/libzephyr.a(hex.c.obj)
                              (--whole-archive)
zephyr/libzephyr.a(notify.c.obj)
                              (--whole-archive)
zephyr/libzephyr.a(printk.c.obj)
                              (--whole-archive)
zephyr/libzephyr.a(onoff.c.obj)
                              (--whole-archive)
zephyr/libzephyr.a(rb.c.obj)  (--whole-archive)
zephyr/libzephyr.a(sem.c.obj)
                              (--whole-archive)
zephyr/libzephyr.a(thread_entry.c.obj)
                              (--whole-archive)
zephyr/libzephyr.a(timeutil.c.obj)
                              (--whole-archive)
zephyr/libzephyr.a(heap.c.obj)
                              (--whole-archive)
zephyr/libzephyr.a(heap-validate.c.obj)
                              (--whole-archive)
zephyr/libzephyr.a(bitarray.c.obj)
                              (--whole-archive)
zephyr/libzephyr.a(multi_heap.c.obj)
                              (--whole-archive)
zephyr/libzephyr.a(cbprintf_complete.c.obj)
                              (--whole-archive)
zephyr/libzephyr.a(assert.c.obj)
                              (--whole-archive)
zephyr/libzephyr.a(configs.c.obj)
                              (--whole-archive)
zephyr/libzephyr.a(soc_nrf_common.S.obj)
                              (--whole-archive)
zephyr/libzephyr.a(validate_base_addresses.c.obj)
                              (--whole-archive)
zephyr/libzephyr.a(validate_enabled_instances.c.obj)
                              (--whole-archive)
zephyr/libzephyr.a(flash_map.c.obj)
                              (--whole-archive)
zephyr/libzephyr.a(flash_map_layout.c.obj)
                              (--whole-archive)
zephyr/libzephyr.a(tracing_none.c.obj)
                              (--whole-archive)
zephyr/libzephyr.a(flash_map_partition_manager.c.obj)
                              (--whole-archive)
zephyr/libzephyr.a(nrf_cc3xx_platform_abort_zephyr.c.obj)
                              (--whole-archive)
zephyr/libzephyr.a(nrf_cc3xx_platform_no_mutex_zephyr.c.obj)
                              (--whole-archive)
zephyr/arch/common/libarch__common.a(sw_isr_common.c.obj)
                              (--whole-archive)
zephyr/arch/arch/arm/core/aarch32/libarch__arm__core__aarch32.a(cpu_idle.S.obj)
                              (--whole-archive)
zephyr/arch/arch/arm/core/aarch32/libarch__arm__core__aarch32.a(fatal.c.obj)
                              (--whole-archive)
zephyr/arch/arch/arm/core/aarch32/libarch__arm__core__aarch32.a(irq_manage.c.obj)
                              (--whole-archive)
[...]
Memory Configuration

Name             Origin             Length             Attributes
FLASH            0x0000000000000000 0x0000000000007000 xr
SRAM             0x0000000020000000 0x0000000000040000 xw
IDT_LIST         0x00000000fffff7ff 0x0000000000000800 xw
*default*        0x0000000000000000 0xffffffffffffffff

Linker script and memory map

LOAD zephyr/CMakeFiles/zephyr_pre0.dir/misc/empty_file.c.obj
                0x0000000000000020                _region_min_align = 0x20

.rel.plt        0x0000000000000000        0x0
 *(SORT_BY_ALIGNMENT(.rel.plt))
                [!provide]                        PROVIDE (__rel_iplt_start = .)
 *(SORT_BY_ALIGNMENT(.rel.iplt))
 .rel.iplt      0x0000000000000000        0x0 app/libapp.a(main.c.obj)
                [!provide]                        PROVIDE (__rel_iplt_end = .)

.rela.plt       0x0000000000000000        0x0
 *(SORT_BY_ALIGNMENT(.rela.plt))
                [!provide]                        PROVIDE (__rela_iplt_start = .)
 *(SORT_BY_ALIGNMENT(.rela.iplt))
                [!provide]                        PROVIDE (__rela_iplt_end = .)

.rel.dyn
 *(SORT_BY_ALIGNMENT(.rel.*))

.rela.dyn
 *(SORT_BY_ALIGNMENT(.rela.*))

/DISCARD/
 *(SORT_BY_ALIGNMENT(.plt))
 *(SORT_BY_ALIGNMENT(.iplt))
 *(SORT_BY_ALIGNMENT(.got.plt))
 *(SORT_BY_ALIGNMENT(.igot.plt))
 *(SORT_BY_ALIGNMENT(.got))
 *(SORT_BY_ALIGNMENT(.igot))
 *(SORT_BY_ALIGNMENT(.note.GNU-stack))
                0x0000000000000000                __rom_region_start = 0x0

rom_start       0x0000000000000000      0x100
                0x0000000000000000                . = 0x0
                0x0000000000000000                . = ALIGN (0x4)
                0x0000000000000000                . = ALIGN (0x80)
                0x0000000000000000                . = ALIGN (0x100)
                0x0000000000000000                _vector_start = .
 *(SORT_BY_ALIGNMENT(.exc_vector_table))
 *(SORT_BY_ALIGNMENT(.exc_vector_table.*))
 .exc_vector_table._vector_table_section
                0x0000000000000000       0x40 zephyr/arch/arch/arm/core/aarch32/cortex_m/libarch__arm__core__aarch32__cortex_m.a(vector_table.S.obj)
                0x0000000000000000                _vector_table
 *(SORT_BY_ALIGNMENT(.gnu.linkonce.irq_vector_table*))
 .gnu.linkonce.irq_vector_table
                0x0000000000000040       0xc0 zephyr/arch/common/libisr_tables.a(isr_tables.c.obj)
                0x0000000000000040                _irq_vector_table
 *(SORT_BY_ALIGNMENT(.vectors))
                0x0000000000000100                _vector_end = .

text            0x0000000000000100     0x5b54
                0x0000000000000100                __text_region_start = .
 *(SORT_BY_ALIGNMENT(.text))
 *(SORT_BY_ALIGNMENT(.text.*))
 .text.main     0x0000000000000100       0x98 app/libapp.a(main.c.obj)
                0x0000000000000100                main
 .text.flash_device_get_binding
                0x0000000000000198       0x18 app/libapp.a(flash_map_extended.c.obj)
                0x0000000000000198                flash_device_get_binding
 .text.bootutil_img_validate
                0x00000000000001b0      0x228 app/libapp.a(image_validate.c.obj)
                0x00000000000001b0                bootutil_img_validate
 .text.bootutil_verify_sig
                0x00000000000003d8       0xf0 app/libapp.a(image_ec256.c.obj)
                0x00000000000003d8                bootutil_verify_sig
 .text.boot_read_swap_size
                0x00000000000004c8       0x7c app/libapp.a(bootutil_misc.c.obj)
                0x00000000000004c8                boot_read_swap_size
 .text.boot_validate_slot.isra.0
                0x0000000000000544       0xe8 app/libapp.a(loader.c.obj)
 .text.boot_swap_image
                0x000000000000062c       0x64 app/libapp.a(loader.c.obj)
 .text.boot_copy_region
                0x0000000000000690       0x84 app/libapp.a(loader.c.obj)
                0x0000000000000690                boot_copy_region
 .text.context_boot_go
                0x0000000000000714      0x218 app/libapp.a(loader.c.obj)
                0x0000000000000714                context_boot_go
 .text.boot_go  0x000000000000092c       0x20 app/libapp.a(loader.c.obj)
                0x000000000000092c                boot_go
 .text.boot_read_image_header
                0x000000000000094c       0x9c app/libapp.a(swap_move.c.obj)
                0x000000000000094c                boot_read_image_header
 .text.fixup_revert
                0x00000000000009e8       0x50 app/libapp.a(swap_move.c.obj)
                0x00000000000009e8                fixup_revert
 .text.swap_run
                0x0000000000000a38      0x208 app/libapp.a(swap_move.c.obj)
                0x0000000000000a38                swap_run
 .text.cc310_init
                0x0000000000000c40       0x30 app/libapp.a(cc310_glue.c.obj)
                0x0000000000000c40                cc310_init
 .text.cc310_ecdsa_verify_secp256r1
                0x0000000000000c70       0x34 app/libapp.a(cc310_glue.c.obj)
                0x0000000000000c70                cc310_ecdsa_verify_secp256r1
 .text.nrf_cleanup_peripheral
                0x0000000000000ca4       0x60 app/libapp.a(nrf_cleanup.c.obj)
                0x0000000000000ca4                nrf_cleanup_peripheral
 .text.process_event
                0x0000000000000d04      0x1c8 zephyr/libzephyr.a(onoff.c.obj)
 .text.flash_area_open
                0x0000000000000ecc       0x3c zephyr/libzephyr.a(flash_map.c.obj)
                0x0000000000000ecc                flash_area_open
 .text.flash_area_get_sectors
                0x0000000000000f08       0x68 zephyr/libzephyr.a(flash_map_layout.c.obj)
                0x0000000000000f08                flash_area_get_sectors
 .text.nrf_cc3xx_platform_abort_init
                0x0000000000000f70        0xc zephyr/libzephyr.a(nrf_cc3xx_platform_abort_zephyr.c.obj)
                0x0000000000000f70                nrf_cc3xx_platform_abort_init
 .text.z_arm_cpu_idle_init
                0x0000000000000f7c        0xc zephyr/arch/arch/arm/core/aarch32/libarch__arm__core__aarch32.a(cpu_idle.S.obj)
                0x0000000000000f7c                z_arm_cpu_idle_init
 .text.arch_cpu_atomic_idle
                0x0000000000000f88       0x14 zephyr/arch/arch/arm/core/aarch32/libarch__arm__core__aarch32.a(cpu_idle.S.obj)
                0x0000000000000f88                arch_cpu_atomic_idle
 .text.arch_irq_enable
                0x0000000000000f9c       0x20 zephyr/arch/arch/arm/core/aarch32/libarch__arm__core__aarch32.a(irq_manage.c.obj)
                0x0000000000000f9c                arch_irq_enable
 .text.arch_irq_disable
                0x0000000000000fbc       0x28 zephyr/arch/arch/arm/core/aarch32/libarch__arm__core__aarch32.a(irq_manage.c.obj)
                0x0000000000000fbc                arch_irq_disable
 .text.arch_irq_is_enabled
                0x0000000000000fe4       0x1c zephyr/arch/arch/arm/core/aarch32/libarch__arm__core__aarch32.a(irq_manage.c.obj)
                0x0000000000000fe4                arch_irq_is_enabled
 .text.z_arm_irq_priority_set
                0x0000000000001000       0x30 zephyr/arch/arch/arm/core/aarch32/libarch__arm__core__aarch32.a(irq_manage.c.obj)
                0x0000000000001000                z_arm_irq_priority_set
 .text.z_SysNmiOnReset
                0x0000000000001030        0x8 zephyr/arch/arch/arm/core/aarch32/libarch__arm__core__aarch32.a(nmi_on_reset.S.obj)
                0x0000000000001030                z_SysNmiOnReset
 .text.z_arm_prep_c
                0x0000000000001038       0x5c zephyr/arch/arch/arm/core/aarch32/libarch__arm__core__aarch32.a(prep_c.c.obj)
                0x0000000000001038                z_arm_prep_c
 .text.z_arm_svc
                0x0000000000001094       0x20 zephyr/arch/arch/arm/core/aarch32/libarch__arm__core__aarch32.a(swap_helper.S.obj)
                0x0000000000001094                z_arm_svc
 .text.z_check_thread_stack_fail
                0x00000000000010b4       0x2c zephyr/arch/arch/arm/core/aarch32/libarch__arm__core__aarch32.a(thread.c.obj)
                0x00000000000010b4                z_check_thread_stack_fail
 .text.z_arm_switch_to_main_no_multithreading
                0x00000000000010e0       0x34 zephyr/arch/arch/arm/core/aarch32/libarch__arm__core__aarch32.a(thread.c.obj)
                0x00000000000010e0                z_arm_switch_to_main_no_multithreading
 .text._isr_wrapper
                0x0000000000001114       0x28 zephyr/arch/arch/arm/core/aarch32/libarch__arm__core__aarch32.a(isr_wrapper.S.obj)
                0x0000000000001114                _isr_wrapper
 .text._HandlerModeExit
                0x000000000000113c        0x4 zephyr/arch/arch/arm/core/aarch32/cortex_m/libarch__arm__core__aarch32__cortex_m.a(exc_exit.S.obj)
                0x000000000000113c                z_arm_exc_exit
                0x000000000000113c                z_arm_int_exit
 .text.mem_manage_fault
                0x0000000000001140       0x78 zephyr/arch/arch/arm/core/aarch32/cortex_m/libarch__arm__core__aarch32__cortex_m.a(fault.c.obj)
 .text.bus_fault.constprop.0
                0x00000000000011b8       0x3c zephyr/arch/arch/arm/core/aarch32/cortex_m/libarch__arm__core__aarch32__cortex_m.a(fault.c.obj)
 .text.z_arm_fault
                0x00000000000011f4      0x128 zephyr/arch/arch/arm/core/aarch32/cortex_m/libarch__arm__core__aarch32__cortex_m.a(fault.c.obj)
                0x00000000000011f4                z_arm_fault
 .text.z_arm_fault_init
                0x000000000000131c       0x10 zephyr/arch/arch/arm/core/aarch32/cortex_m/libarch__arm__core__aarch32__cortex_m.a(fault.c.obj)
                0x000000000000131c                z_arm_fault_init
 .text.__fault  0x000000000000132c       0x14 zephyr/arch/arch/arm/core/aarch32/cortex_m/libarch__arm__core__aarch32__cortex_m.a(fault_s.S.obj)
                0x000000000000132c                z_arm_bus_fault
                0x000000000000132c                z_arm_usage_fault
                0x000000000000132c                z_arm_mpu_fault
                0x000000000000132c                z_arm_exc_spurious
                0x000000000000132c                z_arm_debug_monitor
                0x000000000000132c                z_arm_hard_fault
 .text.z_arm_interrupt_init
                0x0000000000001340       0x18 zephyr/arch/arch/arm/core/aarch32/cortex_m/libarch__arm__core__aarch32__cortex_m.a(irq_init.c.obj)
                0x0000000000001340                z_arm_interrupt_init
 .text._reset_section
                0x0000000000001358       0x54 zephyr/arch/arch/arm/core/aarch32/cortex_m/libarch__arm__core__aarch32__cortex_m.a(reset.S.obj)
                0x0000000000001358                z_arm_reset
                0x0000000000001358                __start
 .text.z_arm_clear_arm_mpu_config
                0x00000000000013ac       0x24 zephyr/arch/arch/arm/core/aarch32/cortex_m/libarch__arm__core__aarch32__cortex_m.a(scb.c.obj)
                0x00000000000013ac                z_arm_clear_arm_mpu_config
 .text.z_arm_init_arch_hw_at_boot
                0x00000000000013d0       0x64 zephyr/arch/arch/arm/core/aarch32/cortex_m/libarch__arm__core__aarch32__cortex_m.a(scb.c.obj)
                0x00000000000013d0                z_arm_init_arch_hw_at_boot
 .text.z_arm_configure_static_mpu_regions
                0x0000000000001434       0x18 zephyr/arch/arch/arm/core/aarch32/mpu/libarch__arm__core__aarch32__mpu.a(arm_core_mpu.c.obj)
                0x0000000000001434                z_arm_configure_static_mpu_regions
 .text.mpu_configure_regions
                0x000000000000144c       0x84 zephyr/arch/arch/arm/core/aarch32/mpu/libarch__arm__core__aarch32__mpu.a(arm_mpu.c.obj)
 .text.arm_core_mpu_enable
                0x00000000000014d0       0x18 zephyr/arch/arch/arm/core/aarch32/mpu/libarch__arm__core__aarch32__mpu.a(arm_mpu.c.obj)
                0x00000000000014d0                arm_core_mpu_enable
 .text.arm_core_mpu_disable
                0x00000000000014e8       0x14 zephyr/arch/arch/arm/core/aarch32/mpu/libarch__arm__core__aarch32__mpu.a(arm_mpu.c.obj)
                0x00000000000014e8                arm_core_mpu_disable
 .text.arm_core_mpu_configure_static_mpu_regions
                0x00000000000014fc       0x14 zephyr/arch/arch/arm/core/aarch32/mpu/libarch__arm__core__aarch32__mpu.a(arm_mpu.c.obj)
                0x00000000000014fc                arm_core_mpu_configure_static_mpu_regions
 .text.z_arm_mpu_init
                0x0000000000001510       0x60 zephyr/arch/arch/arm/core/aarch32/mpu/libarch__arm__core__aarch32__mpu.a(arm_mpu.c.obj)
                0x0000000000001510                z_arm_mpu_init
 .text.nordicsemi_nrf52_init
                0x0000000000001570       0x54 zephyr/soc/arm/nordic_nrf/nrf52/libsoc__arm__nordic_nrf__nrf52.a(soc.c.obj)
 .text.arch_busy_wait
                0x00000000000015c4       0x14 zephyr/soc/arm/nordic_nrf/nrf52/libsoc__arm__nordic_nrf__nrf52.a(soc.c.obj)
                0x00000000000015c4                arch_busy_wait
 .text.onoff_stop
                0x00000000000015d8       0x30 zephyr/drivers/clock_control/libdrivers__clock_control.a(clock_control_nrf.c.obj)
 .text.onoff_start
                0x0000000000001608       0x44 zephyr/drivers/clock_control/libdrivers__clock_control.a(clock_control_nrf.c.obj)
 .text.clk_init
                0x000000000000164c       0x58 zephyr/drivers/clock_control/libdrivers__clock_control.a(clock_control_nrf.c.obj)
 .text.clkstarted_handle.constprop.0
                0x00000000000016a4       0x3c zephyr/drivers/clock_control/libdrivers__clock_control.a(clock_control_nrf.c.obj)
 .text.clock_event_handler
                0x00000000000016e0       0x1c zephyr/drivers/clock_control/libdrivers__clock_control.a(clock_control_nrf.c.obj)
 .text.generic_hfclk_start
                0x00000000000016fc       0x64 zephyr/drivers/clock_control/libdrivers__clock_control.a(clock_control_nrf.c.obj)
 .text.generic_hfclk_stop
                0x0000000000001760       0x2c zephyr/drivers/clock_control/libdrivers__clock_control.a(clock_control_nrf.c.obj)
 .text.z_nrf_clock_control_lf_on
                0x000000000000178c       0xf8 zephyr/drivers/clock_control/libdrivers__clock_control.a(clock_control_nrf.c.obj)
                0x000000000000178c                z_nrf_clock_control_lf_on
 .text.qspi_get_zephyr_ret_code
                0x0000000000001884       0x1c zephyr/drivers/flash/libdrivers__flash.a(nrf_qspi_nor.c.obj)
 .text.qspi_nor_pages_layout
                0x00000000000018a0       0x10 zephyr/drivers/flash/libdrivers__flash.a(nrf_qspi_nor.c.obj)
 .text.qspi_flash_get_parameters
                0x00000000000018b0        0x8 zephyr/drivers/flash/libdrivers__flash.a(nrf_qspi_nor.c.obj)
 .text.qspi_device_init
                0x00000000000018b8       0x2c zephyr/drivers/flash/libdrivers__flash.a(nrf_qspi_nor.c.obj)
 .text.qspi_device_uninit.constprop.0
                0x00000000000018e4       0x2c zephyr/drivers/flash/libdrivers__flash.a(nrf_qspi_nor.c.obj)
 .text.qspi_wait_for_completion.isra.0
                0x0000000000001910       0x38 zephyr/drivers/flash/libdrivers__flash.a(nrf_qspi_nor.c.obj)
 .text.qspi_nor_read
                0x0000000000001948      0x144 zephyr/drivers/flash/libdrivers__flash.a(nrf_qspi_nor.c.obj)
 .text.qspi_nor_write
                0x0000000000001a8c       0xf8 zephyr/drivers/flash/libdrivers__flash.a(nrf_qspi_nor.c.obj)
 .text.qspi_nor_erase
                0x0000000000001b84       0xd0 zephyr/drivers/flash/libdrivers__flash.a(nrf_qspi_nor.c.obj)
 .text.qspi_nor_init
                0x0000000000001c54       0xf8 zephyr/drivers/flash/libdrivers__flash.a(nrf_qspi_nor.c.obj)
 .text.flash_nrf_pages_layout
                0x0000000000001d4c       0x10 zephyr/drivers/flash/libdrivers__flash.a(soc_flash_nrf.c.obj)
 .text.flash_nrf_get_parameters
                0x0000000000001d5c        0x8 zephyr/drivers/flash/libdrivers__flash.a(soc_flash_nrf.c.obj)
 .text.nrf_flash_init
                0x0000000000001d64       0x18 zephyr/drivers/flash/libdrivers__flash.a(soc_flash_nrf.c.obj)
 .text.restore_pofwarn.part.0
                0x0000000000001d7c       0x2c zephyr/drivers/flash/libdrivers__flash.a(soc_flash_nrf.c.obj)
 .text.suspend_pofwarn
                0x0000000000001da8       0x5c zephyr/drivers/flash/libdrivers__flash.a(soc_flash_nrf.c.obj)
 .text.flash_nrf_write
                0x0000000000001e04       0x74 zephyr/drivers/flash/libdrivers__flash.a(soc_flash_nrf.c.obj)
 .text.flash_nrf_erase
                0x0000000000001e78       0x70 zephyr/drivers/flash/libdrivers__flash.a(soc_flash_nrf.c.obj)
 .text.compare_int_lock
                0x0000000000001ee8       0x50 zephyr/drivers/timer/libdrivers__timer.a(nrf_rtc_timer.c.obj)
 .text.compare_int_unlock
                0x0000000000001f38       0x5c zephyr/drivers/timer/libdrivers__timer.a(nrf_rtc_timer.c.obj)
 .text.z_nrf_rtc_timer_read
                0x0000000000001f94       0x44 zephyr/drivers/timer/libdrivers__timer.a(nrf_rtc_timer.c.obj)
                0x0000000000001f94                z_nrf_rtc_timer_read
 .text.compare_set
                0x0000000000001fd8      0x154 zephyr/drivers/timer/libdrivers__timer.a(nrf_rtc_timer.c.obj)
 .text.sys_clock_driver_init
                0x000000000000212c       0x80 zephyr/drivers/timer/libdrivers__timer.a(nrf_rtc_timer.c.obj)
 .text.sys_clock_timeout_handler
                0x00000000000021ac       0xac zephyr/drivers/timer/libdrivers__timer.a(nrf_rtc_timer.c.obj)
 .text.rtc_nrf_isr
                0x0000000000002258       0xf0 zephyr/drivers/timer/libdrivers__timer.a(nrf_rtc_timer.c.obj)
                0x0000000000002258                rtc_nrf_isr
 .text.nrf_gpio_pin_clear
                0x0000000000002348       0x20 zephyr/drivers/pinctrl/libdrivers__pinctrl.a(pinctrl_nrf.c.obj)
 .text.nrf_pin_configure.constprop.0
                0x0000000000002368       0x40 zephyr/drivers/pinctrl/libdrivers__pinctrl.a(pinctrl_nrf.c.obj)
 .text.nrf_gpio_pin_set
                0x00000000000023a8       0x20 zephyr/drivers/pinctrl/libdrivers__pinctrl.a(pinctrl_nrf.c.obj)
 .text.find_free_region
                0x00000000000023c8       0x3c modules/nrf/lib/fprotect/lib..__nrf__lib__fprotect.a(fprotect_acl.c.obj)
 .text.boot_write_magic
                0x0000000000002404       0x40 modules/mcuboot/boot/bootutil/zephyr/libmcuboot_util.a(bootutil_public.c.obj)
                0x0000000000002404                boot_write_magic
 .text.boot_read_swap_state
                0x0000000000002444       0xa8 modules/mcuboot/boot/bootutil/zephyr/libmcuboot_util.a(bootutil_public.c.obj)
                0x0000000000002444                boot_read_swap_state
 .text.boot_swap_type_multi
                0x00000000000024ec       0x9c modules/mcuboot/boot/bootutil/zephyr/libmcuboot_util.a(bootutil_public.c.obj)
                0x00000000000024ec                boot_swap_type_multi
 .text.nrf52_errata_98
                0x0000000000002588       0x24 modules/hal_nordic/nrfx/libmodules__hal_nordic__nrfx.a(system_nrf52840.c.obj)
 .text.nvmc_wait
                0x00000000000025ac       0x10 modules/hal_nordic/nrfx/libmodules__hal_nordic__nrfx.a(system_nrf52840.c.obj)
                0x00000000000025ac                nvmc_wait
 .text.SystemInit
                0x00000000000025bc      0x1e8 modules/hal_nordic/nrfx/libmodules__hal_nordic__nrfx.a(system_nrf52840.c.obj)
                0x00000000000025bc                SystemInit
 .text.clock_stop
                0x00000000000027a4       0xa8 modules/hal_nordic/nrfx/libmodules__hal_nordic__nrfx.a(nrfx_clock.c.obj)
 .text.nrfx_clock_init
                0x000000000000284c       0x20 modules/hal_nordic/nrfx/libmodules__hal_nordic__nrfx.a(nrfx_clock.c.obj)
                0x000000000000284c                nrfx_clock_init
 .text.nrfx_power_clock_irq_handler
                0x000000000000286c       0x68 modules/hal_nordic/nrfx/libmodules__hal_nordic__nrfx.a(nrfx_clock.c.obj)
                0x000000000000286c                nrfx_power_clock_irq_handler
 .text.nvmc_word_write
                0x00000000000028d4       0x18 modules/hal_nordic/nrfx/libmodules__hal_nordic__nrfx.a(nrfx_nvmc.c.obj)
 .text.nrfx_nvmc_page_erase
                0x00000000000028ec       0x40 modules/hal_nordic/nrfx/libmodules__hal_nordic__nrfx.a(nrfx_nvmc.c.obj)
                0x00000000000028ec                nrfx_nvmc_page_erase
 .text.nrfx_nvmc_word_write
                0x000000000000292c       0x1c modules/hal_nordic/nrfx/libmodules__hal_nordic__nrfx.a(nrfx_nvmc.c.obj)
                0x000000000000292c                nrfx_nvmc_word_write
 .text.nrf_gpio_pin_port_decode
                0x0000000000002948       0x1c modules/hal_nordic/nrfx/libmodules__hal_nordic__nrfx.a(nrfx_qspi.c.obj)
 .text.qspi_xfer
                0x0000000000002964       0xc0 modules/hal_nordic/nrfx/libmodules__hal_nordic__nrfx.a(nrfx_qspi.c.obj)
 .text.qspi_ready_wait
                0x0000000000002a24       0x2c modules/hal_nordic/nrfx/libmodules__hal_nordic__nrfx.a(nrfx_qspi.c.obj)
 .text.qspi_event_xfer_handle.constprop.0
                0x0000000000002a50       0x28 modules/hal_nordic/nrfx/libmodules__hal_nordic__nrfx.a(nrfx_qspi.c.obj)
 .text.nrf_qspi_cinstrdata_get.constprop.0
                0x0000000000002a78       0x40 modules/hal_nordic/nrfx/libmodules__hal_nordic__nrfx.a(nrfx_qspi.c.obj)
 .text.nrf_qspi_cinstrdata_set.constprop.0
                0x0000000000002ab8       0x64 modules/hal_nordic/nrfx/libmodules__hal_nordic__nrfx.a(nrfx_qspi.c.obj)
 .text.nrfx_qspi_init
                0x0000000000002b1c      0x1d0 modules/hal_nordic/nrfx/libmodules__hal_nordic__nrfx.a(nrfx_qspi.c.obj)
                0x0000000000002b1c                nrfx_qspi_init
 .text.nrfx_qspi_cinstr_xfer
                0x0000000000002cec       0x80 modules/hal_nordic/nrfx/libmodules__hal_nordic__nrfx.a(nrfx_qspi.c.obj)
                0x0000000000002cec                nrfx_qspi_cinstr_xfer
 .text.nrfx_qspi_mem_busy_check
                0x0000000000002d6c       0x48 modules/hal_nordic/nrfx/libmodules__hal_nordic__nrfx.a(nrfx_qspi.c.obj)
                0x0000000000002d6c                nrfx_qspi_mem_busy_check
 .text.nrfx_qspi_uninit
                0x0000000000002db4       0xa8 modules/hal_nordic/nrfx/libmodules__hal_nordic__nrfx.a(nrfx_qspi.c.obj)
                0x0000000000002db4                nrfx_qspi_uninit
 .text.nrfx_qspi_erase
                0x0000000000002e5c       0x64 modules/hal_nordic/nrfx/libmodules__hal_nordic__nrfx.a(nrfx_qspi.c.obj)
                0x0000000000002e5c                nrfx_qspi_erase
 .text.nrfx_qspi_irq_handler
                0x0000000000002ec0       0x68 modules/hal_nordic/nrfx/libmodules__hal_nordic__nrfx.a(nrfx_qspi.c.obj)
                0x0000000000002ec0                nrfx_qspi_irq_handler
 .text.z_sys_init_run_level
                0x0000000000002f28       0x40 zephyr/kernel/libkernel.a(device.c.obj)
                0x0000000000002f28                z_sys_init_run_level
 .text.z_impl_device_get_binding
                0x0000000000002f68       0x54 zephyr/kernel/libkernel.a(device.c.obj)
                0x0000000000002f68                z_impl_device_get_binding
 .text.bg_thread_main
                0x0000000000002fbc       0x30 zephyr/kernel/libkernel.a(init.c.obj)
 .text.z_bss_zero
                0x0000000000002fec       0x18 zephyr/kernel/libkernel.a(init.c.obj)
                0x0000000000002fec                z_bss_zero
 .text.z_cstart
                0x0000000000003004       0x74 zephyr/kernel/libkernel.a(init.c.obj)
                0x0000000000003004                z_cstart
 .text.z_data_copy
                0x0000000000003078       0x34 zephyr/kernel/libkernel.a(xip.c.obj)
                0x0000000000003078                z_data_copy
 .text.elapsed  0x00000000000030ac       0x14 zephyr/kernel/libkernel.a(timeout.c.obj)
 .text.next_timeout
                0x00000000000030c0       0x28 zephyr/kernel/libkernel.a(timeout.c.obj)
 .text.remove_timeout
                0x00000000000030e8       0x28 zephyr/kernel/libkernel.a(timeout.c.obj)
 .text.sys_clock_announce
                0x0000000000003110       0x9c zephyr/kernel/libkernel.a(timeout.c.obj)
                0x0000000000003110                sys_clock_announce
 .text.nrf_cc3xx_platform_init_no_rng
                0x00000000000031ac       0x38 /home/rusky4/ncs/v2.0.0/nrfxlib/crypto/nrf_cc310_platform/lib/cortex-m4/hard-float/no-interrupts/libnrf_cc310_platform_0.9.14.a(nrf_cc3xx_platform.c.obj)
                0x00000000000031ac                nrf_cc3xx_platform_init_no_rng
 .text.nrf_cc3xx_platform_abort
                0x00000000000031e4       0x24 /home/rusky4/ncs/v2.0.0/nrfxlib/crypto/nrf_cc310_platform/lib/cortex-m4/hard-float/no-interrupts/libnrf_cc310_platform_0.9.14.a(nrf_cc3xx_platform_abort.c.obj)
 .text.CC_PalAbort
                0x0000000000003208       0x38 /home/rusky4/ncs/v2.0.0/nrfxlib/crypto/nrf_cc310_platform/lib/cortex-m4/hard-float/no-interrupts/libnrf_cc310_platform_0.9.14.a(nrf_cc3xx_platform_abort.c.obj)
                0x0000000000003208                CC_PalAbort
 .text.nrf_cc3xx_platform_set_abort
                0x0000000000003240       0x10 /home/rusky4/ncs/v2.0.0/nrfxlib/crypto/nrf_cc310_platform/lib/cortex-m4/hard-float/no-interrupts/libnrf_cc310_platform_0.9.14.a(nrf_cc3xx_platform_abort.c.obj)
                0x0000000000003240                nrf_cc3xx_platform_set_abort
 .text.mbedtls_platform_zeroize
                0x0000000000003250       0x14 /home/rusky4/ncs/v2.0.0/nrfxlib/crypto/nrf_cc310_platform/lib/cortex-m4/hard-float/no-interrupts/libnrf_cc310_platform_0.9.14.a(mbedtls_common.c.obj)
                0x0000000000003250                mbedtls_platform_zeroize
 .text.CC_LibInitNoRng
                0x0000000000003264       0x64 /home/rusky4/ncs/v2.0.0/nrfxlib/crypto/nrf_cc310_platform/lib/cortex-m4/hard-float/no-interrupts/libnrf_cc310_platform_0.9.14.a(cc_lib.c.obj)
                0x0000000000003264                CC_LibInitNoRng
 .text.CC_HalInit
                0x00000000000032c8        0x4 /home/rusky4/ncs/v2.0.0/nrfxlib/crypto/nrf_cc310_platform/lib/cortex-m4/hard-float/no-interrupts/libnrf_cc310_platform_0.9.14.a(cc_hal.c.obj)
                0x00000000000032c8                CC_HalInit
 .text.CC_HalTerminate
                0x00000000000032cc        0x4 /home/rusky4/ncs/v2.0.0/nrfxlib/crypto/nrf_cc310_platform/lib/cortex-m4/hard-float/no-interrupts/libnrf_cc310_platform_0.9.14.a(cc_hal.c.obj)
                0x00000000000032cc                CC_HalTerminate
 .text.CC_HalMaskInterrupt
                0x00000000000032d0        0xc /home/rusky4/ncs/v2.0.0/nrfxlib/crypto/nrf_cc310_platform/lib/cortex-m4/hard-float/no-interrupts/libnrf_cc310_platform_0.9.14.a(cc_hal.c.obj)
                0x00000000000032d0                CC_HalMaskInterrupt
 .text.CC_PalInit
                0x00000000000032dc       0x5c /home/rusky4/ncs/v2.0.0/nrfxlib/crypto/nrf_cc310_platform/lib/cortex-m4/hard-float/no-interrupts/libnrf_cc310_platform_0.9.14.a(cc_pal.c.obj)
                0x00000000000032dc                CC_PalInit
 .text.CC_PalTerminate
                0x0000000000003338       0x34 /home/rusky4/ncs/v2.0.0/nrfxlib/crypto/nrf_cc310_platform/lib/cortex-m4/hard-float/no-interrupts/libnrf_cc310_platform_0.9.14.a(cc_pal.c.obj)
                0x0000000000003338                CC_PalTerminate
 .text.CC_PalDmaInit
                0x000000000000336c        0x4 /home/rusky4/ncs/v2.0.0/nrfxlib/crypto/nrf_cc310_platform/lib/cortex-m4/hard-float/no-interrupts/libnrf_cc310_platform_0.9.14.a(cc_pal_dma.c.obj)
                0x000000000000336c                CC_PalDmaInit
 .text.CC_PalDmaTerminate
                0x0000000000003370        0x4 /home/rusky4/ncs/v2.0.0/nrfxlib/crypto/nrf_cc310_platform/lib/cortex-m4/hard-float/no-interrupts/libnrf_cc310_platform_0.9.14.a(cc_pal_dma.c.obj)
                0x0000000000003370                CC_PalDmaTerminate
 .text.CC_PalMutexCreate
                0x0000000000003374       0x14 /home/rusky4/ncs/v2.0.0/nrfxlib/crypto/nrf_cc310_platform/lib/cortex-m4/hard-float/no-interrupts/libnrf_cc310_platform_0.9.14.a(cc_pal_mutex.c.obj)
                0x0000000000003374                CC_PalMutexCreate
 .text.CC_PalMutexDestroy
                0x0000000000003388       0x14 /home/rusky4/ncs/v2.0.0/nrfxlib/crypto/nrf_cc310_platform/lib/cortex-m4/hard-float/no-interrupts/libnrf_cc310_platform_0.9.14.a(cc_pal_mutex.c.obj)
                0x0000000000003388                CC_PalMutexDestroy
 .text.CC_PalPowerSaveModeInit
                0x000000000000339c       0x3c /home/rusky4/ncs/v2.0.0/nrfxlib/crypto/nrf_cc310_platform/lib/cortex-m4/hard-float/no-interrupts/libnrf_cc310_platform_0.9.14.a(cc_pal_pm.c.obj)
                0x000000000000339c                CC_PalPowerSaveModeInit
 .text.CC_PalPowerSaveModeSelect
                0x00000000000033d8       0x88 /home/rusky4/ncs/v2.0.0/nrfxlib/crypto/nrf_cc310_platform/lib/cortex-m4/hard-float/no-interrupts/libnrf_cc310_platform_0.9.14.a(cc_pal_pm.c.obj)
                0x00000000000033d8                CC_PalPowerSaveModeSelect
 .text.mutex_free
                0x0000000000003460       0x28 /home/rusky4/ncs/v2.0.0/nrfxlib/crypto/nrf_cc310_platform/lib/cortex-m4/hard-float/no-interrupts/libnrf_cc310_platform_0.9.14.a(nrf_cc3xx_platform_mutex.c.obj)
 .text.mutex_lock
                0x0000000000003488       0x40 /home/rusky4/ncs/v2.0.0/nrfxlib/crypto/nrf_cc310_platform/lib/cortex-m4/hard-float/no-interrupts/libnrf_cc310_platform_0.9.14.a(nrf_cc3xx_platform_mutex.c.obj)
 .text.mutex_unlock
                0x00000000000034c8       0x2c /home/rusky4/ncs/v2.0.0/nrfxlib/crypto/nrf_cc310_platform/lib/cortex-m4/hard-float/no-interrupts/libnrf_cc310_platform_0.9.14.a(nrf_cc3xx_platform_mutex.c.obj)
 .text.mutex_init
                0x00000000000034f4       0x1c /home/rusky4/ncs/v2.0.0/nrfxlib/crypto/nrf_cc310_platform/lib/cortex-m4/hard-float/no-interrupts/libnrf_cc310_platform_0.9.14.a(nrf_cc3xx_platform_mutex.c.obj)
 .text.verify_context_ecdsa_verify_secp256r1
                0x0000000000003510       0x20 /home/rusky4/ncs/v2.0.0/nrfxlib/crypto/nrf_cc310_bl/lib/cortex-m4/hard-float/no-interrupts/libnrf_cc310_bl_0.9.12.a(nrf_cc310_bl_ecdsa_verify_secp256r1.c.obj)
 .text.nrf_cc310_bl_ecdsa_verify_init_secp256r1
                0x0000000000003530       0x4c /home/rusky4/ncs/v2.0.0/nrfxlib/crypto/nrf_cc310_bl/lib/cortex-m4/hard-float/no-interrupts/libnrf_cc310_bl_0.9.12.a(nrf_cc310_bl_ecdsa_verify_secp256r1.c.obj)
                0x0000000000003530                nrf_cc310_bl_ecdsa_verify_init_secp256r1
 .text.nrf_cc310_bl_ecdsa_verify_hash_secp256r1
                0x000000000000357c      0x168 /home/rusky4/ncs/v2.0.0/nrfxlib/crypto/nrf_cc310_bl/lib/cortex-m4/hard-float/no-interrupts/libnrf_cc310_bl_0.9.12.a(nrf_cc310_bl_ecdsa_verify_secp256r1.c.obj)
                0x000000000000357c                nrf_cc310_bl_ecdsa_verify_hash_secp256r1
 .text.set_digest_in_hw_sha256
                0x00000000000036e4       0x38 /home/rusky4/ncs/v2.0.0/nrfxlib/crypto/nrf_cc310_bl/lib/cortex-m4/hard-float/no-interrupts/libnrf_cc310_bl_0.9.12.a(nrf_cc310_bl_hash_sha256.c.obj)
 .text.read_digest_in_hw_sha256
                0x000000000000371c       0x54 /home/rusky4/ncs/v2.0.0/nrfxlib/crypto/nrf_cc310_bl/lib/cortex-m4/hard-float/no-interrupts/libnrf_cc310_bl_0.9.12.a(nrf_cc310_bl_hash_sha256.c.obj)
 .text.verify_context_hash_sha256
                0x0000000000003770       0x20 /home/rusky4/ncs/v2.0.0/nrfxlib/crypto/nrf_cc310_bl/lib/cortex-m4/hard-float/no-interrupts/libnrf_cc310_bl_0.9.12.a(nrf_cc310_bl_hash_sha256.c.obj)
 .text.nrf_cc310_bl_hash_sha256_init
                0x0000000000003790       0x34 /home/rusky4/ncs/v2.0.0/nrfxlib/crypto/nrf_cc310_bl/lib/cortex-m4/hard-float/no-interrupts/libnrf_cc310_bl_0.9.12.a(nrf_cc310_bl_hash_sha256.c.obj)
                0x0000000000003790                nrf_cc310_bl_hash_sha256_init
 .text.nrf_cc310_bl_hash_sha256_update
                0x00000000000037c4       0xb0 /home/rusky4/ncs/v2.0.0/nrfxlib/crypto/nrf_cc310_bl/lib/cortex-m4/hard-float/no-interrupts/libnrf_cc310_bl_0.9.12.a(nrf_cc310_bl_hash_sha256.c.obj)
                0x00000000000037c4                nrf_cc310_bl_hash_sha256_update
 .text.nrf_cc310_bl_hash_sha256_finalize
                0x0000000000003874       0x60 /home/rusky4/ncs/v2.0.0/nrfxlib/crypto/nrf_cc310_bl/lib/cortex-m4/hard-float/no-interrupts/libnrf_cc310_bl_0.9.12.a(nrf_cc310_bl_hash_sha256.c.obj)
                0x0000000000003874                nrf_cc310_bl_hash_sha256_finalize
 .text.nrf_cc310_bl_init
                0x00000000000038d4       0x34 /home/rusky4/ncs/v2.0.0/nrfxlib/crypto/nrf_cc310_bl/lib/cortex-m4/hard-float/no-interrupts/libnrf_cc310_bl_0.9.12.a(nrf_cc310_bl_init.c.obj)
                0x00000000000038d4                nrf_cc310_bl_init
 .text.PkaSetRegsMapTab
                0x0000000000003908       0x48 /home/rusky4/ncs/v2.0.0/nrfxlib/crypto/nrf_cc310_bl/lib/cortex-m4/hard-float/no-interrupts/libnrf_cc310_bl_0.9.12.a(pka.c.obj)
                0x0000000000003908                PkaSetRegsMapTab
 .text.PkaGetRegEffectiveSizeInBits
                0x0000000000003950       0x8c /home/rusky4/ncs/v2.0.0/nrfxlib/crypto/nrf_cc310_bl/lib/cortex-m4/hard-float/no-interrupts/libnrf_cc310_bl_0.9.12.a(pka.c.obj)
                0x0000000000003950                PkaGetRegEffectiveSizeInBits
 .text.PkaGetNextMsBit
                0x00000000000039dc       0x74 /home/rusky4/ncs/v2.0.0/nrfxlib/crypto/nrf_cc310_bl/lib/cortex-m4/hard-float/no-interrupts/libnrf_cc310_bl_0.9.12.a(pka.c.obj)
                0x00000000000039dc                PkaGetNextMsBit
 .text.PkaSetRegsSizesTab
                0x0000000000003a50       0x3c /home/rusky4/ncs/v2.0.0/nrfxlib/crypto/nrf_cc310_bl/lib/cortex-m4/hard-float/no-interrupts/libnrf_cc310_bl_0.9.12.a(pka.c.obj)
                0x0000000000003a50                PkaSetRegsSizesTab
 .text.PkaInitPka
                0x0000000000003a8c       0x74 /home/rusky4/ncs/v2.0.0/nrfxlib/crypto/nrf_cc310_bl/lib/cortex-m4/hard-float/no-interrupts/libnrf_cc310_bl_0.9.12.a(pka.c.obj)
                0x0000000000003a8c                PkaInitPka
 .text.PkaClearBlockOfRegs
                0x0000000000003b00      0x130 /home/rusky4/ncs/v2.0.0/nrfxlib/crypto/nrf_cc310_bl/lib/cortex-m4/hard-float/no-interrupts/libnrf_cc310_bl_0.9.12.a(pka.c.obj)
                0x0000000000003b00                PkaClearBlockOfRegs
 .text.PkaFinishAndMutexUnlock
                0x0000000000003c30       0x24 /home/rusky4/ncs/v2.0.0/nrfxlib/crypto/nrf_cc310_bl/lib/cortex-m4/hard-float/no-interrupts/libnrf_cc310_bl_0.9.12.a(pka.c.obj)
                0x0000000000003c30                PkaFinishAndMutexUnlock
 .text.PkaCopyDataIntoPkaReg
                0x0000000000003c54       0xb8 /home/rusky4/ncs/v2.0.0/nrfxlib/crypto/nrf_cc310_bl/lib/cortex-m4/hard-float/no-interrupts/libnrf_cc310_bl_0.9.12.a(pka.c.obj)
                0x0000000000003c54                PkaCopyDataIntoPkaReg
 .text.PkaEcdsaVerify
                0x0000000000003d0c      0x284 /home/rusky4/ncs/v2.0.0/nrfxlib/crypto/nrf_cc310_bl/lib/cortex-m4/hard-float/no-interrupts/libnrf_cc310_bl_0.9.12.a(pka_ec_wrst_dsa_verify.c.obj)
                0x0000000000003d0c                PkaEcdsaVerify
 .text.nrf_cc310_bl_hash_update_internal
                0x0000000000003f90       0xf0 /home/rusky4/ncs/v2.0.0/nrfxlib/crypto/nrf_cc310_bl/lib/cortex-m4/hard-float/no-interrupts/libnrf_cc310_bl_0.9.12.a(nrf_cc310_bl_hash.c.obj)
                0x0000000000003f90                nrf_cc310_bl_hash_update_internal
 .text.PkaDoubleMdf2Mdf
                0x0000000000004080      0x1ac /home/rusky4/ncs/v2.0.0/nrfxlib/crypto/nrf_cc310_bl/lib/cortex-m4/hard-float/no-interrupts/libnrf_cc310_bl_0.9.12.a(pka_ec_wrst.c.obj)
                0x0000000000004080                PkaDoubleMdf2Mdf
 .text.PkaDoubleMdf2Jcb
                0x000000000000422c      0x178 /home/rusky4/ncs/v2.0.0/nrfxlib/crypto/nrf_cc310_bl/lib/cortex-m4/hard-float/no-interrupts/libnrf_cc310_bl_0.9.12.a(pka_ec_wrst.c.obj)
                0x000000000000422c                PkaDoubleMdf2Jcb
 .text.PkaAddJcbAfn2Mdf
                0x00000000000043a4      0x194 /home/rusky4/ncs/v2.0.0/nrfxlib/crypto/nrf_cc310_bl/lib/cortex-m4/hard-float/no-interrupts/libnrf_cc310_bl_0.9.12.a(pka_ec_wrst.c.obj)
                0x00000000000043a4                PkaAddJcbAfn2Mdf
 .text.PkaJcb2Afn
                0x0000000000004538       0xb0 /home/rusky4/ncs/v2.0.0/nrfxlib/crypto/nrf_cc310_bl/lib/cortex-m4/hard-float/no-interrupts/libnrf_cc310_bl_0.9.12.a(pka_ec_wrst.c.obj)
                0x0000000000004538                PkaJcb2Afn
 .text.PkaAddAff
                0x00000000000045e8      0x114 /home/rusky4/ncs/v2.0.0/nrfxlib/crypto/nrf_cc310_bl/lib/cortex-m4/hard-float/no-interrupts/libnrf_cc310_bl_0.9.12.a(pka_ec_wrst.c.obj)
                0x00000000000045e8                PkaAddAff
 .text.PkaSum2ScalarMullt
                0x00000000000046fc      0x1e4 /home/rusky4/ncs/v2.0.0/nrfxlib/crypto/nrf_cc310_bl/lib/cortex-m4/hard-float/no-interrupts/libnrf_cc310_bl_0.9.12.a(pka_ec_wrst.c.obj)
                0x00000000000046fc                PkaSum2ScalarMullt
 .text.SaSi_HalClearInterruptBit
                0x00000000000048e0        0xc /home/rusky4/ncs/v2.0.0/nrfxlib/crypto/nrf_cc310_bl/lib/cortex-m4/hard-float/no-interrupts/libnrf_cc310_bl_0.9.12.a(ssi_hal.c.obj)
                0x00000000000048e0                SaSi_HalClearInterruptBit
 .text.SaSi_HalMaskInterrupt
                0x00000000000048ec        0xc /home/rusky4/ncs/v2.0.0/nrfxlib/crypto/nrf_cc310_bl/lib/cortex-m4/hard-float/no-interrupts/libnrf_cc310_bl_0.9.12.a(ssi_hal.c.obj)
                0x00000000000048ec                SaSi_HalMaskInterrupt
 .text.SaSi_HalWaitInterrupt
                0x00000000000048f8       0x18 /home/rusky4/ncs/v2.0.0/nrfxlib/crypto/nrf_cc310_bl/lib/cortex-m4/hard-float/no-interrupts/libnrf_cc310_bl_0.9.12.a(ssi_hal.c.obj)
                0x00000000000048f8                SaSi_HalWaitInterrupt
 .text.flash_device_base
                0x0000000000004910        0xc app/libapp.a(flash_map_extended.c.obj)
                0x0000000000004910                flash_device_base
 .text.flash_area_id_from_multi_image_slot
                0x000000000000491c       0x14 app/libapp.a(flash_map_extended.c.obj)
                0x000000000000491c                flash_area_id_from_multi_image_slot
 .text.flash_area_get_device_id
                0x0000000000004930        0x4 app/libapp.a(flash_map_extended.c.obj)
                0x0000000000004930                flash_area_get_device_id
 .text.os_heap_init
                0x0000000000004934        0x2 app/libapp.a(os.c.obj)
                0x0000000000004934                os_heap_init
 .text.bootutil_tlv_iter_begin
                0x0000000000004936       0x98 app/libapp.a(tlv.c.obj)
                0x0000000000004936                bootutil_tlv_iter_begin
 .text.bootutil_tlv_iter_next
                0x00000000000049ce       0x96 app/libapp.a(tlv.c.obj)
                0x00000000000049ce                bootutil_tlv_iter_next
 .text.bootutil_read_bigint
                0x0000000000004a64       0x58 app/libapp.a(image_ec256.c.obj)
 .text.boot_fih_memequal
                0x0000000000004abc        0x4 app/libapp.a(bootutil_misc.c.obj)
                0x0000000000004abc                boot_fih_memequal
 .text.boot_trailer_sz
                0x0000000000004ac0        0xa app/libapp.a(bootutil_misc.c.obj)
                0x0000000000004ac0                boot_trailer_sz
 .text.boot_status_entries
                0x0000000000004aca       0x14 app/libapp.a(bootutil_misc.c.obj)
                0x0000000000004aca                boot_status_entries
 .text.boot_status_off
                0x0000000000004ade       0x16 app/libapp.a(bootutil_misc.c.obj)
                0x0000000000004ade                boot_status_off
 .text.boot_write_copy_done
                0x0000000000004af4       0x10 app/libapp.a(bootutil_misc.c.obj)
                0x0000000000004af4                boot_write_copy_done
 .text.boot_write_swap_size
                0x0000000000004b04       0x1e app/libapp.a(bootutil_misc.c.obj)
                0x0000000000004b04                boot_write_swap_size
 .text.boot_read_image_headers
                0x0000000000004b22       0x32 app/libapp.a(loader.c.obj)
 .text.boot_read_image_size.isra.0
                0x0000000000004b54       0x82 app/libapp.a(loader.c.obj)
 .text.boot_read_sectors
                0x0000000000004bd6       0x44 app/libapp.a(loader.c.obj)
 .text.boot_status_reset
                0x0000000000004c1a       0x12 app/libapp.a(loader.c.obj)
                0x0000000000004c1a                boot_status_reset
 .text.boot_status_is_reset
                0x0000000000004c2c       0x1a app/libapp.a(loader.c.obj)
                0x0000000000004c2c                boot_status_is_reset
 .text.boot_write_status
                0x0000000000004c46       0x64 app/libapp.a(loader.c.obj)
                0x0000000000004c46                boot_write_status
 .text.boot_erase_region
                0x0000000000004caa        0x4 app/libapp.a(loader.c.obj)
                0x0000000000004caa                boot_erase_region
 .text.swap_erase_trailer_sectors
                0x0000000000004cae       0x6a app/libapp.a(swap_misc.c.obj)
                0x0000000000004cae                swap_erase_trailer_sectors
 .text.swap_status_init
                0x0000000000004d18       0x3e app/libapp.a(swap_misc.c.obj)
                0x0000000000004d18                swap_status_init
 .text.swap_read_status
                0x0000000000004d56       0x7a app/libapp.a(swap_misc.c.obj)
                0x0000000000004d56                swap_read_status
 .text.swap_set_copy_done
                0x0000000000004dd0       0x24 app/libapp.a(swap_misc.c.obj)
                0x0000000000004dd0                swap_set_copy_done
 .text.swap_set_image_ok
                0x0000000000004df4       0x3c app/libapp.a(swap_misc.c.obj)
                0x0000000000004df4                swap_set_image_ok
 .text.swap_read_status_bytes
                0x0000000000004e30       0x9e app/libapp.a(swap_move.c.obj)
                0x0000000000004e30                swap_read_status_bytes
 .text.boot_status_internal_off
                0x0000000000004ece       0x2e app/libapp.a(swap_move.c.obj)
                0x0000000000004ece                boot_status_internal_off
 .text.boot_slots_compatible
                0x0000000000004efc       0x52 app/libapp.a(swap_move.c.obj)
                0x0000000000004efc                boot_slots_compatible
 .text.swap_status_source
                0x0000000000004f4e       0x38 app/libapp.a(swap_move.c.obj)
                0x0000000000004f4e                swap_status_source
 .text.mbedtls_asn1_get_len
                0x0000000000004f86       0x90 app/libapp.a(asn1parse.c.obj)
                0x0000000000004f86                mbedtls_asn1_get_len
 .text.mbedtls_asn1_get_tag
                0x0000000000005016       0x28 app/libapp.a(asn1parse.c.obj)
                0x0000000000005016                mbedtls_asn1_get_tag
 .text.mbedtls_asn1_get_bitstring_null
                0x000000000000503e       0x28 app/libapp.a(asn1parse.c.obj)
                0x000000000000503e                mbedtls_asn1_get_bitstring_null
 .text.mbedtls_asn1_get_alg
                0x0000000000005066       0x96 app/libapp.a(asn1parse.c.obj)
                0x0000000000005066                mbedtls_asn1_get_alg
 .text.cc310_sha256_update
                0x00000000000050fc       0x36 app/libapp.a(cc310_glue.c.obj)
                0x00000000000050fc                cc310_sha256_update
 .text.sys_notify_validate
                0x0000000000005132       0x22 zephyr/libzephyr.a(notify.c.obj)
                0x0000000000005132                sys_notify_validate
 .text.sys_notify_finalize
                0x0000000000005154       0x1a zephyr/libzephyr.a(notify.c.obj)
                0x0000000000005154                sys_notify_finalize
 .text.process_recheck
                0x000000000000516e       0x38 zephyr/libzephyr.a(onoff.c.obj)
 .text.notify_one
                0x00000000000051a6       0x2c zephyr/libzephyr.a(onoff.c.obj)
 .text.transition_complete
                0x00000000000051d2       0x1e zephyr/libzephyr.a(onoff.c.obj)
 .text.validate_args
                0x00000000000051f0       0x1e zephyr/libzephyr.a(onoff.c.obj)
 .text.onoff_manager_init
                0x000000000000520e       0x26 zephyr/libzephyr.a(onoff.c.obj)
                0x000000000000520e                onoff_manager_init
 .text.onoff_request
                0x0000000000005234       0x92 zephyr/libzephyr.a(onoff.c.obj)
                0x0000000000005234                onoff_request
 .text._ConfigAbsSyms
                0x00000000000052c6        0x2 zephyr/libzephyr.a(configs.c.obj)
                0x00000000000052c6                _ConfigAbsSyms
 .text.flash_area_close
                0x00000000000052c8        0x2 zephyr/libzephyr.a(flash_map.c.obj)
                0x00000000000052c8                flash_area_close
 .text.flash_area_read
                0x00000000000052ca       0x38 zephyr/libzephyr.a(flash_map.c.obj)
                0x00000000000052ca                flash_area_read
 .text.flash_area_write
                0x0000000000005302       0x38 zephyr/libzephyr.a(flash_map.c.obj)
                0x0000000000005302                flash_area_write
 .text.flash_area_erase
                0x000000000000533a       0x2e zephyr/libzephyr.a(flash_map.c.obj)
                0x000000000000533a                flash_area_erase
 .text.flash_area_align
                0x0000000000005368       0x12 zephyr/libzephyr.a(flash_map.c.obj)
                0x0000000000005368                flash_area_align
 .text.flash_area_erased_val
                0x000000000000537a       0x12 zephyr/libzephyr.a(flash_map.c.obj)
                0x000000000000537a                flash_area_erased_val
 .text.get_sectors_cb
                0x000000000000538c       0x3c zephyr/libzephyr.a(flash_map_layout.c.obj)
 .text.abort_function
                0x00000000000053c8        0x2 zephyr/libzephyr.a(nrf_cc3xx_platform_abort_zephyr.c.obj)
 .text.nrf_cc3xx_platform_mutex_init
                0x00000000000053ca        0x2 zephyr/libzephyr.a(nrf_cc3xx_platform_no_mutex_zephyr.c.obj)
                0x00000000000053ca                nrf_cc3xx_platform_mutex_init
 .text.z_arm_fatal_error
                0x00000000000053cc        0x4 zephyr/arch/arch/arm/core/aarch32/libarch__arm__core__aarch32.a(fatal.c.obj)
                0x00000000000053cc                z_arm_fatal_error
 .text.z_do_kernel_oops
                0x00000000000053d0        0x8 zephyr/arch/arch/arm/core/aarch32/libarch__arm__core__aarch32.a(fatal.c.obj)
                0x00000000000053d0                z_do_kernel_oops
 .text.z_irq_spurious
                0x00000000000053d8        0x8 zephyr/arch/arch/arm/core/aarch32/libarch__arm__core__aarch32.a(irq_manage.c.obj)
                0x00000000000053d8                z_irq_spurious
 .text.z_arm_nmi
                0x00000000000053e0        0xe zephyr/arch/arch/arm/core/aarch32/libarch__arm__core__aarch32.a(nmi.c.obj)
                0x00000000000053e0                z_arm_nmi
 .text.strcmp   0x00000000000053ee       0x18 zephyr/lib/libc/minimal/liblib__libc__minimal.a(string.c.obj)
                0x00000000000053ee                strcmp
 .text.memcmp   0x0000000000005406       0x22 zephyr/lib/libc/minimal/liblib__libc__minimal.a(string.c.obj)
                0x0000000000005406                memcmp
 .text.memmove  0x0000000000005428       0x30 zephyr/lib/libc/minimal/liblib__libc__minimal.a(string.c.obj)
                0x0000000000005428                memmove
 .text.memcpy   0x0000000000005458       0x16 zephyr/lib/libc/minimal/liblib__libc__minimal.a(string.c.obj)
                0x0000000000005458                memcpy
 .text.memset   0x000000000000546e       0x12 zephyr/lib/libc/minimal/liblib__libc__minimal.a(string.c.obj)
                0x000000000000546e                memset
 .text.get_status
                0x0000000000005480       0x12 zephyr/drivers/clock_control/libdrivers__clock_control.a(clock_control_nrf.c.obj)
 .text.set_on_state
                0x0000000000005492       0x26 zephyr/drivers/clock_control/libdrivers__clock_control.a(clock_control_nrf.c.obj)
 .text.stop     0x00000000000054b8       0x52 zephyr/drivers/clock_control/libdrivers__clock_control.a(clock_control_nrf.c.obj)
 .text.api_stop
                0x000000000000550a        0x6 zephyr/drivers/clock_control/libdrivers__clock_control.a(clock_control_nrf.c.obj)
 .text.async_start
                0x0000000000005510       0x60 zephyr/drivers/clock_control/libdrivers__clock_control.a(clock_control_nrf.c.obj)
 .text.api_start
                0x0000000000005570        0xe zephyr/drivers/clock_control/libdrivers__clock_control.a(clock_control_nrf.c.obj)
 .text.api_blocking_start
                0x000000000000557e        0x6 zephyr/drivers/clock_control/libdrivers__clock_control.a(clock_control_nrf.c.obj)
 .text.onoff_started_callback
                0x0000000000005584       0x14 zephyr/drivers/clock_control/libdrivers__clock_control.a(clock_control_nrf.c.obj)
 .text.lfclk_start
                0x0000000000005598        0x6 zephyr/drivers/clock_control/libdrivers__clock_control.a(clock_control_nrf.c.obj)
 .text.lfclk_stop
                0x000000000000559e        0x6 zephyr/drivers/clock_control/libdrivers__clock_control.a(clock_control_nrf.c.obj)
 .text.qspi_handler
                0x00000000000055a4        0x8 zephyr/drivers/flash/libdrivers__flash.a(nrf_qspi_nor.c.obj)
 .text.qspi_send_cmd.constprop.0
                0x00000000000055ac       0x64 zephyr/drivers/flash/libdrivers__flash.a(nrf_qspi_nor.c.obj)
 .text.qspi_rdsr.constprop.0.isra.0
                0x0000000000005610       0x36 zephyr/drivers/flash/libdrivers__flash.a(nrf_qspi_nor.c.obj)
 .text.qspi_nor_write_protection_set.isra.0
                0x0000000000005646       0x2a zephyr/drivers/flash/libdrivers__flash.a(nrf_qspi_nor.c.obj)
 .text.is_regular_addr_valid
                0x0000000000005670       0x22 zephyr/drivers/flash/libdrivers__flash.a(soc_flash_nrf.c.obj)
 .text.flash_nrf_read
                0x0000000000005692       0x2c zephyr/drivers/flash/libdrivers__flash.a(soc_flash_nrf.c.obj)
 .text.flash_page_foreach
                0x00000000000056be       0x58 zephyr/drivers/flash/libdrivers__flash.a(flash_page_layout.c.obj)
                0x00000000000056be                flash_page_foreach
 .text.sys_clock_set_timeout
                0x0000000000005716        0x2 zephyr/drivers/timer/libdrivers__timer.a(nrf_rtc_timer.c.obj)
                0x0000000000005716                sys_clock_set_timeout
 .text.sys_clock_elapsed
                0x0000000000005718        0x4 zephyr/drivers/timer/libdrivers__timer.a(nrf_rtc_timer.c.obj)
                0x0000000000005718                sys_clock_elapsed
 .text.pinctrl_lookup_state
                0x000000000000571c       0x30 zephyr/drivers/pinctrl/libdrivers__pinctrl.a(common.c.obj)
                0x000000000000571c                pinctrl_lookup_state
 .text.nrf_gpio_pin_write
                0x000000000000574c        0xa zephyr/drivers/pinctrl/libdrivers__pinctrl.a(pinctrl_nrf.c.obj)
 .text.pinctrl_configure_pins
                0x0000000000005756      0x13e zephyr/drivers/pinctrl/libdrivers__pinctrl.a(pinctrl_nrf.c.obj)
                0x0000000000005756                pinctrl_configure_pins
 .text.fprotect_set_permission
                0x0000000000005894       0x7e modules/nrf/lib/fprotect/lib..__nrf__lib__fprotect.a(fprotect_acl.c.obj)
 .text.fprotect_area
                0x0000000000005912        0x6 modules/nrf/lib/fprotect/lib..__nrf__lib__fprotect.a(fprotect_acl.c.obj)
                0x0000000000005912                fprotect_area
 .text.hw_cc3xx_init_internal
                0x0000000000005918        0x4 modules/nrf/drivers/hw_cc310/lib..__nrf__drivers__hw_cc310.a(hw_cc310.c.obj)
 .text.hw_cc3xx_init
                0x000000000000591c       0x12 modules/nrf/drivers/hw_cc310/lib..__nrf__drivers__hw_cc310.a(hw_cc310.c.obj)
 .text.bootutil_buffer_is_erased.part.0
                0x000000000000592e       0x22 modules/mcuboot/boot/bootutil/zephyr/libmcuboot_util.a(bootutil_public.c.obj)
 .text.boot_swap_info_off
                0x0000000000005950        0xc modules/mcuboot/boot/bootutil/zephyr/libmcuboot_util.a(bootutil_public.c.obj)
                0x0000000000005950                boot_swap_info_off
 .text.boot_magic_compatible_check
                0x000000000000595c       0x1c modules/mcuboot/boot/bootutil/zephyr/libmcuboot_util.a(bootutil_public.c.obj)
                0x000000000000595c                boot_magic_compatible_check
 .text.bootutil_buffer_is_erased
                0x0000000000005978        0xc modules/mcuboot/boot/bootutil/zephyr/libmcuboot_util.a(bootutil_public.c.obj)
                0x0000000000005978                bootutil_buffer_is_erased
 .text.boot_read_flag
                0x0000000000005984       0x3a modules/mcuboot/boot/bootutil/zephyr/libmcuboot_util.a(bootutil_public.c.obj)
 .text.boot_write_trailer
                0x00000000000059be       0x58 modules/mcuboot/boot/bootutil/zephyr/libmcuboot_util.a(bootutil_public.c.obj)
                0x00000000000059be                boot_write_trailer
 .text.boot_write_trailer_flag
                0x0000000000005a16       0x14 modules/mcuboot/boot/bootutil/zephyr/libmcuboot_util.a(bootutil_public.c.obj)
                0x0000000000005a16                boot_write_trailer_flag
 .text.boot_write_image_ok
                0x0000000000005a2a        0xe modules/mcuboot/boot/bootutil/zephyr/libmcuboot_util.a(bootutil_public.c.obj)
                0x0000000000005a2a                boot_write_image_ok
 .text.boot_read_image_ok
                0x0000000000005a38        0xc modules/mcuboot/boot/bootutil/zephyr/libmcuboot_util.a(bootutil_public.c.obj)
                0x0000000000005a38                boot_read_image_ok
 .text.boot_read_swap_state_by_id
                0x0000000000005a44       0x28 modules/mcuboot/boot/bootutil/zephyr/libmcuboot_util.a(bootutil_public.c.obj)
                0x0000000000005a44                boot_read_swap_state_by_id
 .text.boot_write_swap_info
                0x0000000000005a6c       0x22 modules/mcuboot/boot/bootutil/zephyr/libmcuboot_util.a(bootutil_public.c.obj)
                0x0000000000005a6c                boot_write_swap_info
 .text.nrf52_errata_36
                0x0000000000005a8e       0x12 modules/hal_nordic/nrfx/libmodules__hal_nordic__nrfx.a(system_nrf52840.c.obj)
 .text.nrfx_isr
                0x0000000000005aa0        0x2 modules/hal_nordic/nrfx/libmodules__hal_nordic__nrfx.a(nrfx_glue.c.obj)
                0x0000000000005aa0                nrfx_isr
 .text.nrfx_busy_wait
                0x0000000000005aa2        0x4 modules/hal_nordic/nrfx/libmodules__hal_nordic__nrfx.a(nrfx_glue.c.obj)
                0x0000000000005aa2                nrfx_busy_wait
 .text.nrfx_clock_enable
                0x0000000000005aa6       0x1a modules/hal_nordic/nrfx/libmodules__hal_nordic__nrfx.a(nrfx_clock.c.obj)
                0x0000000000005aa6                nrfx_clock_enable
 .text.nrfx_clock_start
                0x0000000000005ac0       0x7a modules/hal_nordic/nrfx/libmodules__hal_nordic__nrfx.a(nrfx_clock.c.obj)
                0x0000000000005ac0                nrfx_clock_start
 .text.nrfx_clock_stop
                0x0000000000005b3a        0x4 modules/hal_nordic/nrfx/libmodules__hal_nordic__nrfx.a(nrfx_clock.c.obj)
                0x0000000000005b3a                nrfx_clock_stop
 .text.nrfx_nvmc_flash_size_get
                0x0000000000005b3e        0xc modules/hal_nordic/nrfx/libmodules__hal_nordic__nrfx.a(nrfx_nvmc.c.obj)
                0x0000000000005b3e                nrfx_nvmc_flash_size_get
 .text.nrfx_nvmc_flash_page_size_get
                0x0000000000005b4a        0x8 modules/hal_nordic/nrfx/libmodules__hal_nordic__nrfx.a(nrfx_nvmc.c.obj)
                0x0000000000005b4a                nrfx_nvmc_flash_page_size_get
 .text.nrfx_nvmc_flash_page_count_get
                0x0000000000005b52        0x8 modules/hal_nordic/nrfx/libmodules__hal_nordic__nrfx.a(nrfx_nvmc.c.obj)
                0x0000000000005b52                nrfx_nvmc_flash_page_count_get
 .text.nrf_gpio_cfg_default
                0x0000000000005b5a       0x1c modules/hal_nordic/nrfx/libmodules__hal_nordic__nrfx.a(nrfx_qspi.c.obj)
 .text.nrfx_qspi_write
                0x0000000000005b76        0x6 modules/hal_nordic/nrfx/libmodules__hal_nordic__nrfx.a(nrfx_qspi.c.obj)
                0x0000000000005b76                nrfx_qspi_write
 .text.nrfx_qspi_read
                0x0000000000005b7c        0x6 modules/hal_nordic/nrfx/libmodules__hal_nordic__nrfx.a(nrfx_qspi.c.obj)
                0x0000000000005b7c                nrfx_qspi_read
 .text.nrfx_qspi_chip_erase
                0x0000000000005b82        0x8 modules/hal_nordic/nrfx/libmodules__hal_nordic__nrfx.a(nrfx_qspi.c.obj)
                0x0000000000005b82                nrfx_qspi_chip_erase
 .text.z_device_state_init
                0x0000000000005b8a        0x2 zephyr/kernel/libkernel.a(device.c.obj)
                0x0000000000005b8a                z_device_state_init
 .text.z_device_is_ready
                0x0000000000005b8c       0x14 zephyr/kernel/libkernel.a(device.c.obj)
                0x0000000000005b8c                z_device_is_ready
 .text.arch_system_halt
                0x0000000000005ba0       0x12 zephyr/kernel/libkernel.a(fatal.c.obj)
                0x0000000000005ba0                arch_system_halt
 .text.k_sys_fatal_error_handler
                0x0000000000005bb2        0x6 zephyr/kernel/libkernel.a(fatal.c.obj)
                0x0000000000005bb2                k_sys_fatal_error_handler
 .text.z_fatal_error
                0x0000000000005bb8       0x20 zephyr/kernel/libkernel.a(fatal.c.obj)
                0x0000000000005bb8                z_fatal_error
 .text.z_early_memset
                0x0000000000005bd8        0x4 zephyr/kernel/libkernel.a(init.c.obj)
                0x0000000000005bd8                z_early_memset
 .text.z_early_memcpy
                0x0000000000005bdc        0x4 zephyr/kernel/libkernel.a(init.c.obj)
                0x0000000000005bdc                z_early_memcpy
 .text.k_is_in_isr
                0x0000000000005be0        0xc zephyr/kernel/libkernel.a(thread.c.obj)
                0x0000000000005be0                k_is_in_isr
 .text.z_impl_k_busy_wait
                0x0000000000005bec        0x8 zephyr/kernel/libkernel.a(timeout.c.obj)
                0x0000000000005bec                z_impl_k_busy_wait
 .text.boot_banner
                0x0000000000005bf4        0x2 zephyr/kernel/libkernel.a(banner.c.obj)
                0x0000000000005bf4                boot_banner
 .text._OffsetAbsSyms
                0x0000000000005bf6        0x2 zephyr/CMakeFiles/offsets.dir/./arch/arm/core/offsets/offsets.c.obj
                0x0000000000005bf6                _OffsetAbsSyms
 .text.nrf_cc310_bl_ecdsa_verify_secp256r1
                0x0000000000005bf8       0x26 /home/rusky4/ncs/v2.0.0/nrfxlib/crypto/nrf_cc310_bl/lib/cortex-m4/hard-float/no-interrupts/libnrf_cc310_bl_0.9.12.a(nrf_cc310_bl_ecdsa_verify_secp256r1.c.obj)
                0x0000000000005bf8                nrf_cc310_bl_ecdsa_verify_secp256r1
 .text.PkaInitAndMutexLock
                0x0000000000005c1e        0x8 /home/rusky4/ncs/v2.0.0/nrfxlib/crypto/nrf_cc310_bl/lib/cortex-m4/hard-float/no-interrupts/libnrf_cc310_bl_0.9.12.a(pka.c.obj)
                0x0000000000005c1e                PkaInitAndMutexLock
 .text.SaSi_PalMemCopy
                0x0000000000005c26        0x4 /home/rusky4/ncs/v2.0.0/nrfxlib/crypto/nrf_cc310_bl/lib/cortex-m4/hard-float/no-interrupts/libnrf_cc310_bl_0.9.12.a(ssi_pal_mem.c.obj)
                0x0000000000005c26                SaSi_PalMemCopy
 .text.SaSi_PalMemSet
                0x0000000000005c2a        0x4 /home/rusky4/ncs/v2.0.0/nrfxlib/crypto/nrf_cc310_bl/lib/cortex-m4/hard-float/no-interrupts/libnrf_cc310_bl_0.9.12.a(ssi_pal_mem.c.obj)
                0x0000000000005c2a                SaSi_PalMemSet
 .text.SaSi_PalMemSetZero
                0x0000000000005c2e        0x8 /home/rusky4/ncs/v2.0.0/nrfxlib/crypto/nrf_cc310_bl/lib/cortex-m4/hard-float/no-interrupts/libnrf_cc310_bl_0.9.12.a(ssi_pal_mem.c.obj)
                0x0000000000005c2e                SaSi_PalMemSetZero
 .text.CRYS_COMMON_ReverseMemcpy32
                0x0000000000005c36       0x1a /home/rusky4/ncs/v2.0.0/nrfxlib/crypto/nrf_cc310_bl/lib/cortex-m4/hard-float/no-interrupts/libnrf_cc310_bl_0.9.12.a(crys_common_conv_endian.c.obj)
                0x0000000000005c36                CRYS_COMMON_ReverseMemcpy32
 *(SORT_BY_ALIGNMENT(.TEXT.*))
 .TEXT.z_arm_platform_init
                0x0000000000005c50        0x4 zephyr/libzephyr.a(soc_nrf_common.S.obj)
                0x0000000000005c50                z_arm_platform_init
 *(SORT_BY_ALIGNMENT(.gnu.linkonce.t.*))
 *(SORT_BY_ALIGNMENT(.glue_7t))
 .glue_7t       0x0000000000005c54        0x0 linker stubs
 *(SORT_BY_ALIGNMENT(.glue_7))
 .glue_7        0x0000000000005c54        0x0 linker stubs
 *(SORT_BY_ALIGNMENT(.vfp11_veneer))
 .vfp11_veneer  0x0000000000005c54        0x0 linker stubs
 *(SORT_BY_ALIGNMENT(.v4_bx))
 .v4_bx         0x0000000000005c54        0x0 linker stubs
                0x0000000000005c54                __text_region_end = .

.ARM.exidx      0x0000000000005c54        0x0
                0x0000000000005c54                __exidx_start = .
 *(SORT_BY_ALIGNMENT(.ARM.exidx*) SORT_BY_ALIGNMENT(gnu.linkonce.armexidx.*))
                0x0000000000005c54                __exidx_end = .
                0x0000000000005c54                __rodata_region_start = .

initlevel       0x0000000000005c54       0x38
                0x0000000000005c54                __init_start = .
                0x0000000000005c54                __init_PRE_KERNEL_1_start = .
 *(SORT_BY_NAME(SORT_BY_ALIGNMENT(.z_init_PRE_KERNEL_1[0-9]_*)))
 .z_init_PRE_KERNEL_10_
                0x0000000000005c54        0x8 zephyr/soc/arm/nordic_nrf/nrf52/libsoc__arm__nordic_nrf__nrf52.a(soc.c.obj)
 *(SORT_BY_NAME(SORT_BY_ALIGNMENT(.z_init_PRE_KERNEL_1[1-9][0-9]_*)))
 .z_init_PRE_KERNEL_130_
                0x0000000000005c5c        0x8 zephyr/drivers/clock_control/libdrivers__clock_control.a(clock_control_nrf.c.obj)
 .z_init_PRE_KERNEL_140_
                0x0000000000005c64        0x8 modules/nrf/drivers/hw_cc310/lib..__nrf__drivers__hw_cc310.a(hw_cc310.c.obj)
                0x0000000000005c6c                __init_PRE_KERNEL_2_start = .
 *(SORT_BY_NAME(SORT_BY_ALIGNMENT(.z_init_PRE_KERNEL_2[0-9]_*)))
 .z_init_PRE_KERNEL_20_
                0x0000000000005c6c        0x8 zephyr/drivers/timer/libdrivers__timer.a(nrf_rtc_timer.c.obj)
 *(SORT_BY_NAME(SORT_BY_ALIGNMENT(.z_init_PRE_KERNEL_2[1-9][0-9]_*)))
                0x0000000000005c74                __init_POST_KERNEL_start = .
 *(SORT_BY_NAME(SORT_BY_ALIGNMENT(.z_init_POST_KERNEL[0-9]_*)))
 *(SORT_BY_NAME(SORT_BY_ALIGNMENT(.z_init_POST_KERNEL[1-9][0-9]_*)))
 .z_init_POST_KERNEL40_
                0x0000000000005c74        0x8 modules/nrf/drivers/hw_cc310/lib..__nrf__drivers__hw_cc310.a(hw_cc310.c.obj)
 .z_init_POST_KERNEL50_
                0x0000000000005c7c        0x8 zephyr/drivers/flash/libdrivers__flash.a(soc_flash_nrf.c.obj)
 .z_init_POST_KERNEL80_
                0x0000000000005c84        0x8 zephyr/drivers/flash/libdrivers__flash.a(nrf_qspi_nor.c.obj)
                0x0000000000005c8c                __init_APPLICATION_start = .
 *(SORT_BY_NAME(SORT_BY_ALIGNMENT(.z_init_APPLICATION[0-9]_*)))
 *(SORT_BY_NAME(SORT_BY_ALIGNMENT(.z_init_APPLICATION[1-9][0-9]_*)))
                0x0000000000005c8c                __init_SMP_start = .
 *(SORT_BY_NAME(SORT_BY_ALIGNMENT(.z_init_SMP[0-9]_*)))
 *(SORT_BY_NAME(SORT_BY_ALIGNMENT(.z_init_SMP[1-9][0-9]_*)))
                0x0000000000005c8c                __init_end = .

devices         0x0000000000005c8c       0x48
                0x0000000000005c8c                __device_start = .
                0x0000000000005c8c                __device_PRE_KERNEL_1_start = .
 *(SORT_BY_NAME(SORT_BY_ALIGNMENT(.z_device_PRE_KERNEL_1[0-9]_*)))
 *(SORT_BY_NAME(SORT_BY_ALIGNMENT(.z_device_PRE_KERNEL_1[1-9][0-9]_*)))
 .z_device_PRE_KERNEL_130_
                0x0000000000005c8c       0x18 zephyr/drivers/clock_control/libdrivers__clock_control.a(clock_control_nrf.c.obj)
                0x0000000000005c8c                __device_dts_ord_72
                0x0000000000005ca4                __device_PRE_KERNEL_2_start = .
 *(SORT_BY_NAME(SORT_BY_ALIGNMENT(.z_device_PRE_KERNEL_2[0-9]_*)))
 *(SORT_BY_NAME(SORT_BY_ALIGNMENT(.z_device_PRE_KERNEL_2[1-9][0-9]_*)))
                0x0000000000005ca4                __device_POST_KERNEL_start = .
 *(SORT_BY_NAME(SORT_BY_ALIGNMENT(.z_device_POST_KERNEL[0-9]_*)))
 *(SORT_BY_NAME(SORT_BY_ALIGNMENT(.z_device_POST_KERNEL[1-9][0-9]_*)))
 .z_device_POST_KERNEL50_
                0x0000000000005ca4       0x18 zephyr/drivers/flash/libdrivers__flash.a(soc_flash_nrf.c.obj)
                0x0000000000005ca4                __device_dts_ord_118
 .z_device_POST_KERNEL80_
                0x0000000000005cbc       0x18 zephyr/drivers/flash/libdrivers__flash.a(nrf_qspi_nor.c.obj)
                0x0000000000005cbc                __device_dts_ord_127
                0x0000000000005cd4                __device_APPLICATION_start = .
 *(SORT_BY_NAME(SORT_BY_ALIGNMENT(.z_device_APPLICATION[0-9]_*)))
 *(SORT_BY_NAME(SORT_BY_ALIGNMENT(.z_device_APPLICATION[1-9][0-9]_*)))
                0x0000000000005cd4                __device_SMP_start = .
 *(SORT_BY_NAME(SORT_BY_ALIGNMENT(.z_device_SMP[0-9]_*)))
 *(SORT_BY_NAME(SORT_BY_ALIGNMENT(.z_device_SMP[1-9][0-9]_*)))
                0x0000000000005cd4                __device_end = .

sw_isr_table    0x0000000000005cd4      0x180
                0x0000000000005cd4                . = ALIGN (0x0)
 *(SORT_BY_ALIGNMENT(.gnu.linkonce.sw_isr_table*))
 .gnu.linkonce.sw_isr_table
                0x0000000000005cd4      0x180 zephyr/arch/common/libisr_tables.a(isr_tables.c.obj)
                0x0000000000005cd4                _sw_isr_table

initlevel_error
                0x0000000000005c54        0x0
 *(SORT_BY_NAME(SORT_BY_ALIGNMENT(.z_init_[_A-Z0-9]*)))
                0x0000000000000001                ASSERT ((SIZEOF (initlevel_error) == 0x0), Undefined initialization levels used.)

app_shmem_regions
                0x0000000000005e54        0x0
                0x0000000000005e54                __app_shmem_regions_start = .
 *(SORT_BY_NAME(SORT_BY_ALIGNMENT(.app_regions.*)))
                0x0000000000005e54                __app_shmem_regions_end = .

bt_l2cap_fixed_chan_area
                0x0000000000005e54        0x0
                0x0000000000005e54                _bt_l2cap_fixed_chan_list_start = .
 *(SORT_BY_NAME(SORT_BY_ALIGNMENT(._bt_l2cap_fixed_chan.static.*)))
                0x0000000000005e54                _bt_l2cap_fixed_chan_list_end = .

bt_gatt_service_static_area
                0x0000000000005e54        0x0
                0x0000000000005e54                _bt_gatt_service_static_list_start = .
 *(SORT_BY_NAME(SORT_BY_ALIGNMENT(._bt_gatt_service_static.static.*)))
                0x0000000000005e54                _bt_gatt_service_static_list_end = .

k_p4wq_initparam_area
                0x0000000000005e54        0x0
                0x0000000000005e54                _k_p4wq_initparam_list_start = .
 *(SORT_BY_NAME(SORT_BY_ALIGNMENT(._k_p4wq_initparam.static.*)))
                0x0000000000005e54                _k_p4wq_initparam_list_end = .

log_strings_sections
                0x0000000000005e54        0x0
                0x0000000000005e54                __log_strings_start = .
 *(SORT_BY_NAME(SORT_BY_ALIGNMENT(.log_strings*)))
                0x0000000000005e54                __log_strings_end = .

log_const_sections
                0x0000000000005e54        0x0
                0x0000000000005e54                __log_const_start = .
 *(SORT_BY_NAME(SORT_BY_ALIGNMENT(.log_const_*)))
                0x0000000000005e54                __log_const_end = .

log_backends_sections
                0x0000000000005e54        0x0
                0x0000000000005e54                __log_backends_start = .
 *(SORT_BY_ALIGNMENT(._log_backend.*))
                0x0000000000005e54                __log_backends_end = .

shell_area      0x0000000000005e54        0x0
                0x0000000000005e54                _shell_list_start = .
 *(SORT_BY_NAME(SORT_BY_ALIGNMENT(._shell.static.*)))
                0x0000000000005e54                _shell_list_end = .

shell_root_cmds_sections
                0x0000000000005e54        0x0
                0x0000000000005e54                __shell_root_cmds_start = .
 *(SORT_BY_NAME(SORT_BY_ALIGNMENT(.shell_root_cmd_*)))
                0x0000000000005e54                __shell_root_cmds_end = .

font_entry_sections
                0x0000000000005e54        0x0
                0x0000000000005e54                __font_entry_start = .
 *(SORT_BY_NAME(SORT_BY_ALIGNMENT(._cfb_font.*)))
                0x0000000000005e54                __font_entry_end = .

tracing_backend_area
                0x0000000000005e54        0x0
                0x0000000000005e54                _tracing_backend_list_start = .
 *(SORT_BY_NAME(SORT_BY_ALIGNMENT(._tracing_backend.static.*)))
                0x0000000000005e54                _tracing_backend_list_end = .

zephyr_dbg_info
 *(SORT_BY_ALIGNMENT(.dbg_thread_info))

device_handles  0x0000000000005e54       0x1c
                0x0000000000005e54                __device_handles_start = .
 *(SORT_BY_NAME(SORT_BY_ALIGNMENT(.__device_handles_pass1*)))
 .__device_handles_pass1
                0x0000000000005e54        0xa zephyr/drivers/clock_control/libdrivers__clock_control.a(clock_control_nrf.c.obj)
                0x0000000000005e54                __devicehdl_DT_N_S_soc_S_clock_40000000
 .__device_handles_pass1
                0x0000000000005e5e        0x8 zephyr/drivers/flash/libdrivers__flash.a(nrf_qspi_nor.c.obj)
                0x0000000000005e5e                __devicehdl_DT_N_S_soc_S_qspi_40029000_S_mx25r6435f_0
 .__device_handles_pass1
                0x0000000000005e66        0xa zephyr/drivers/flash/libdrivers__flash.a(soc_flash_nrf.c.obj)
                0x0000000000005e66                __devicehdl_DT_N_S_soc_S_flash_controller_4001e000
                0x0000000000005e70                __device_handles_end = .

rodata          0x0000000000005e70      0x440
 *(SORT_BY_ALIGNMENT(.rodata))
 .rodata        0x0000000000005e70       0x10 /home/rusky4/ncs/v2.0.0/nrfxlib/crypto/nrf_cc310_bl/lib/cortex-m4/hard-float/no-interrupts/libnrf_cc310_bl_0.9.12.a(nrf_cc310_bl_hash_sha256.c.obj)
 .rodata        0x0000000000005e80        0x6 modules/hal_nordic/nrfx/libmodules__hal_nordic__nrfx.a(nrfx_qspi.c.obj)
 *(SORT_BY_ALIGNMENT(.rodata.*))
 *fill*         0x0000000000005e86        0xa 
 .rodata.delay_machine_code.0
                0x0000000000005e90        0x6 zephyr/soc/arm/nordic_nrf/nrf52/libsoc__arm__nordic_nrf__nrf52.a(soc.c.obj)
 *fill*         0x0000000000005e96        0x2 
 .rodata.bootutil_key_cnt
                0x0000000000005e98        0x4 app/libapp.a(keys.c.obj)
                0x0000000000005e98                bootutil_key_cnt
 .rodata.bootutil_keys
                0x0000000000005e9c        0x8 app/libapp.a(keys.c.obj)
                0x0000000000005e9c                bootutil_keys
 .rodata.ecdsa_pub_key_len
                0x0000000000005ea4        0x4 app/libapp.a(autogen-pubkey.c.obj)
                0x0000000000005ea4                ecdsa_pub_key_len
 .rodata.default_flash_map
                0x0000000000005ea8       0x90 zephyr/libzephyr.a(flash_map_partition_manager.c.obj)
                0x0000000000005ea8                default_flash_map
 .rodata.flash_map_entries
                0x0000000000005f38        0x4 zephyr/libzephyr.a(flash_map_partition_manager.c.obj)
                0x0000000000005f38                flash_map_entries
 .rodata.apis   0x0000000000005f3c        0x8 zephyr/libzephyr.a(nrf_cc3xx_platform_abort_zephyr.c.obj)
 .rodata.static_regions
                0x0000000000005f44       0x18 zephyr/arch/arch/arm/core/aarch32/mpu/libarch__arm__core__aarch32__mpu.a(arm_core_mpu.c.obj)
 .rodata.mpu_config
                0x0000000000005f5c        0x8 zephyr/soc/arm/common/cortex_m/libsoc__arm__common__cortex_m.a(arm_mpu_regions.c.obj)
                0x0000000000005f5c                mpu_config
 .rodata.mpu_regions
                0x0000000000005f64       0x18 zephyr/soc/arm/common/cortex_m/libsoc__arm__common__cortex_m.a(arm_mpu_regions.c.obj)
 .rodata.clock_control_api
                0x0000000000005f7c       0x18 zephyr/drivers/clock_control/libdrivers__clock_control.a(clock_control_nrf.c.obj)
 .rodata.config
                0x0000000000005f94       0x10 zephyr/drivers/clock_control/libdrivers__clock_control.a(clock_control_nrf.c.obj)
 .rodata.transitions.0
                0x0000000000005fa4        0xc zephyr/drivers/clock_control/libdrivers__clock_control.a(clock_control_nrf.c.obj)
 .rodata.__pinctrl_dev_config__device_dts_ord_126
                0x0000000000005fb0        0xc zephyr/drivers/flash/libdrivers__flash.a(nrf_qspi_nor.c.obj)
 .rodata.__pinctrl_state_pins_0__device_dts_ord_126
                0x0000000000005fbc       0x18 zephyr/drivers/flash/libdrivers__flash.a(nrf_qspi_nor.c.obj)
 .rodata.__pinctrl_states__device_dts_ord_126
                0x0000000000005fd4        0x8 zephyr/drivers/flash/libdrivers__flash.a(nrf_qspi_nor.c.obj)
 .rodata.dev_layout
                0x0000000000005fdc        0x8 zephyr/drivers/flash/libdrivers__flash.a(nrf_qspi_nor.c.obj)
 .rodata.qspi_flash_parameters.0
                0x0000000000005fe4        0x8 zephyr/drivers/flash/libdrivers__flash.a(nrf_qspi_nor.c.obj)
 .rodata.qspi_nor_api
                0x0000000000005fec       0x14 zephyr/drivers/flash/libdrivers__flash.a(nrf_qspi_nor.c.obj)
 .rodata.qspi_nor_dev_config
                0x0000000000006000       0x24 zephyr/drivers/flash/libdrivers__flash.a(nrf_qspi_nor.c.obj)
 .rodata.flash_nrf_api
                0x0000000000006024       0x14 zephyr/drivers/flash/libdrivers__flash.a(soc_flash_nrf.c.obj)
 .rodata.flash_nrf_parameters
                0x0000000000006038        0x8 zephyr/drivers/flash/libdrivers__flash.a(soc_flash_nrf.c.obj)
 .rodata.levels.0
                0x0000000000006040       0x14 zephyr/kernel/libkernel.a(device.c.obj)
 .rodata.CSWTCH.12
                0x0000000000006054       0x1c /home/rusky4/ncs/v2.0.0/nrfxlib/crypto/nrf_cc310_platform/lib/cortex-m4/hard-float/no-interrupts/libnrf_cc310_platform_0.9.14.a(nrf_cc3xx_platform.c.obj)
 .rodata.CC_PalPowerSaveModeInit.str1.4
                0x0000000000006070       0x20 /home/rusky4/ncs/v2.0.0/nrfxlib/crypto/nrf_cc310_platform/lib/cortex-m4/hard-float/no-interrupts/libnrf_cc310_platform_0.9.14.a(cc_pal_pm.c.obj)
 .rodata.mutex_free.str1.4
                0x0000000000006090       0x26 /home/rusky4/ncs/v2.0.0/nrfxlib/crypto/nrf_cc310_platform/lib/cortex-m4/hard-float/no-interrupts/libnrf_cc310_platform_0.9.14.a(nrf_cc3xx_platform_mutex.c.obj)
 *fill*         0x00000000000060b6        0x2 
 .rodata.mutex_init.str1.4
                0x00000000000060b8       0x23 /home/rusky4/ncs/v2.0.0/nrfxlib/crypto/nrf_cc310_platform/lib/cortex-m4/hard-float/no-interrupts/libnrf_cc310_platform_0.9.14.a(nrf_cc3xx_platform_mutex.c.obj)
 *fill*         0x00000000000060db        0x1 
 .rodata.domain_secp256r1
                0x00000000000060dc       0xcc /home/rusky4/ncs/v2.0.0/nrfxlib/crypto/nrf_cc310_bl/lib/cortex-m4/hard-float/no-interrupts/libnrf_cc310_bl_0.9.12.a(nrf_cc310_bl_ecdsa_verify_secp256r1.c.obj)
                0x00000000000060dc                domain_secp256r1
 .rodata.NRF_CC310_BL_HASH_LARVAL_SHA256
                0x00000000000061a8       0x20 /home/rusky4/ncs/v2.0.0/nrfxlib/crypto/nrf_cc310_bl/lib/cortex-m4/hard-float/no-interrupts/libnrf_cc310_bl_0.9.12.a(nrf_cc310_bl_hash_sha256.c.obj)
                0x00000000000061a8                NRF_CC310_BL_HASH_LARVAL_SHA256
 .rodata.CSWTCH.1875
                0x00000000000061c8       0x16 zephyr/drivers/flash/libdrivers__flash.a(nrf_qspi_nor.c.obj)
 .rodata.boot_img_magic
                0x00000000000061de       0x10 modules/mcuboot/boot/bootutil/zephyr/libmcuboot_util.a(bootutil_public.c.obj)
                0x00000000000061de                boot_img_magic
 .rodata.main.str1.1
                0x00000000000061ee       0x13 app/libapp.a(main.c.obj)
 .rodata.ec_pubkey_oid
                0x0000000000006201        0x8 app/libapp.a(image_ec256.c.obj)
 .rodata.ec_secp256r1_oid
                0x0000000000006209        0x9 app/libapp.a(image_ec256.c.obj)
 .rodata.ecdsa_pub_key
                0x0000000000006212       0x5b app/libapp.a(autogen-pubkey.c.obj)
                0x0000000000006212                ecdsa_pub_key
 .rodata.str1.1
                0x000000000000626d        0x8 zephyr/libzephyr.a(flash_map_partition_manager.c.obj)
                                         0x1b (size before relaxing)
 .rodata.str1.1
                0x0000000000006275        0xf zephyr/soc/arm/common/cortex_m/libsoc__arm__common__cortex_m.a(arm_mpu_regions.c.obj)
 .rodata.CSWTCH.9
                0x0000000000006284        0x6 zephyr/soc/arm/nordic_nrf/nrf52/libsoc__arm__nordic_nrf__nrf52.a(soc.c.obj)
 .rodata.str1.1
                0x000000000000628a        0x6 zephyr/drivers/clock_control/libdrivers__clock_control.a(clock_control_nrf.c.obj)
 .rodata.str1.1
                0x0000000000006290        0x8 zephyr/drivers/flash/libdrivers__flash.a(nrf_qspi_nor.c.obj)
 .rodata.str1.1
                0x0000000000006290       0x13 zephyr/drivers/flash/libdrivers__flash.a(soc_flash_nrf.c.obj)
 .rodata.boot_swap_tables
                0x0000000000006290       0x12 modules/mcuboot/boot/bootutil/zephyr/libmcuboot_util.a(bootutil_public.c.obj)
 .rodata.CSWTCH.15
                0x00000000000062a2        0x6 modules/hal_nordic/nrfx/libmodules__hal_nordic__nrfx.a(system_nrf52840.c.obj)
 .rodata.CSWTCH.6
                0x00000000000062a8        0x6 modules/hal_nordic/nrfx/libmodules__hal_nordic__nrfx.a(system_nrf52840.c.obj)
 *(SORT_BY_ALIGNMENT(.gnu.linkonce.r.*))
                0x00000000000062b0                . = ALIGN (0x4)
 *fill*         0x00000000000062ae        0x2 
                0x00000000000062b0                __rodata_region_end = .
                0x00000000000062c0                . = ALIGN (_region_min_align)
                0x0000000000008000                . = ALIGN ((0x1 << ((__rodata_region_end - __rom_region_start) <= 0x4)?0x2:((__rodata_region_end - __rom_region_start) <= 0x8)?0x3:((__rodata_region_end - __rom_region_start) <= 0x10)?0x4:((__rodata_region_end - __rom_region_start) <= 0x20)?0x5:((__rodata_region_end - __rom_region_start) <= 0x40)?0x6:((__rodata_region_end - __rom_region_start) <= 0x80)?0x7:((__rodata_region_end - __rom_region_start) <= 0x100)?0x8:((__rodata_region_end - __rom_region_start) <= 0x200)?0x9:((__rodata_region_end - __rom_region_start) <= 0x400)?0xa:((__rodata_region_end - __rom_region_start) <= 0x800)?0xb:((__rodata_region_end - __rom_region_start) <= 0x1000)?0xc:((__rodata_region_end - __rom_region_start) <= 0x2000)?0xd:((__rodata_region_end - __rom_region_start) <= 0x4000)?0xe:((__rodata_region_end - __rom_region_start) <= 0x8000)?0xf:((__rodata_region_end - __rom_region_start) <= 0x10000)?0x10:((__rodata_region_end - __rom_region_start) <= 0x20000)?0x11:((__rodata_region_end - __rom_region_start) <= 0x40000)?0x12:((__rodata_region_end - __rom_region_start) <= 0x80000)?0x13:((__rodata_region_end - __rom_region_start) <= 0x100000)?0x14:((__rodata_region_end - __rom_region_start) <= 0x200000)?0x15:((__rodata_region_end - __rom_region_start) <= 0x400000)?0x16:((__rodata_region_end - __rom_region_start) <= 0x800000)?0x17:((__rodata_region_end - __rom_region_start) <= 0x1000000)?0x18:((__rodata_region_end - __rom_region_start) <= 0x2000000)?0x19:((__rodata_region_end - __rom_region_start) <= 0x4000000)?0x1a:((__rodata_region_end - __rom_region_start) <= 0x8000000)?0x1b:((__rodata_region_end - __rom_region_start) <= 0x10000000)?0x1c:((__rodata_region_end - __rom_region_start) <= 0x20000000)?0x1d:((__rodata_region_end - __rom_region_start) <= 0x40000000)?0x1e:((__rodata_region_end - __rom_region_start) <= 0x80000000)?0x1f:0x20))
                0x0000000000008000                __rom_region_end = .
                0x0000000020000000                . = 0x20000000
                0x0000000020000000                . = ALIGN (_region_min_align)
                0x0000000020000000                _image_ram_start = .

.ramfunc        0x0000000020000000        0x0 load address 0x00000000000062b0
                0x0000000020000000                . = ALIGN (_region_min_align)
                0x0000000020000000                . = ALIGN ((0x1 << (__ramfunc_size <= 0x4)?0x2:(__ramfunc_size <= 0x8)?0x3:(__ramfunc_size <= 0x10)?0x4:(__ramfunc_size <= 0x20)?0x5:(__ramfunc_size <= 0x40)?0x6:(__ramfunc_size <= 0x80)?0x7:(__ramfunc_size <= 0x100)?0x8:(__ramfunc_size <= 0x200)?0x9:(__ramfunc_size <= 0x400)?0xa:(__ramfunc_size <= 0x800)?0xb:(__ramfunc_size <= 0x1000)?0xc:(__ramfunc_size <= 0x2000)?0xd:(__ramfunc_size <= 0x4000)?0xe:(__ramfunc_size <= 0x8000)?0xf:(__ramfunc_size <= 0x10000)?0x10:(__ramfunc_size <= 0x20000)?0x11:(__ramfunc_size <= 0x40000)?0x12:(__ramfunc_size <= 0x80000)?0x13:(__ramfunc_size <= 0x100000)?0x14:(__ramfunc_size <= 0x200000)?0x15:(__ramfunc_size <= 0x400000)?0x16:(__ramfunc_size <= 0x800000)?0x17:(__ramfunc_size <= 0x1000000)?0x18:(__ramfunc_size <= 0x2000000)?0x19:(__ramfunc_size <= 0x4000000)?0x1a:(__ramfunc_size <= 0x8000000)?0x1b:(__ramfunc_size <= 0x10000000)?0x1c:(__ramfunc_size <= 0x20000000)?0x1d:(__ramfunc_size <= 0x40000000)?0x1e:(__ramfunc_size <= 0x80000000)?0x1f:0x20))
                0x0000000020000000                __ramfunc_start = .
 *(SORT_BY_ALIGNMENT(.ramfunc))
 *(SORT_BY_ALIGNMENT(.ramfunc.*))
                0x0000000020000000                . = ALIGN (_region_min_align)
                0x0000000020000000                . = ALIGN ((0x1 << (__ramfunc_size <= 0x4)?0x2:(__ramfunc_size <= 0x8)?0x3:(__ramfunc_size <= 0x10)?0x4:(__ramfunc_size <= 0x20)?0x5:(__ramfunc_size <= 0x40)?0x6:(__ramfunc_size <= 0x80)?0x7:(__ramfunc_size <= 0x100)?0x8:(__ramfunc_size <= 0x200)?0x9:(__ramfunc_size <= 0x400)?0xa:(__ramfunc_size <= 0x800)?0xb:(__ramfunc_size <= 0x1000)?0xc:(__ramfunc_size <= 0x2000)?0xd:(__ramfunc_size <= 0x4000)?0xe:(__ramfunc_size <= 0x8000)?0xf:(__ramfunc_size <= 0x10000)?0x10:(__ramfunc_size <= 0x20000)?0x11:(__ramfunc_size <= 0x40000)?0x12:(__ramfunc_size <= 0x80000)?0x13:(__ramfunc_size <= 0x100000)?0x14:(__ramfunc_size <= 0x200000)?0x15:(__ramfunc_size <= 0x400000)?0x16:(__ramfunc_size <= 0x800000)?0x17:(__ramfunc_size <= 0x1000000)?0x18:(__ramfunc_size <= 0x2000000)?0x19:(__ramfunc_size <= 0x4000000)?0x1a:(__ramfunc_size <= 0x8000000)?0x1b:(__ramfunc_size <= 0x10000000)?0x1c:(__ramfunc_size <= 0x20000000)?0x1d:(__ramfunc_size <= 0x40000000)?0x1e:(__ramfunc_size <= 0x80000000)?0x1f:0x20))
                0x0000000020000000                __ramfunc_end = .
                0x0000000000000000                __ramfunc_size = (__ramfunc_end - __ramfunc_start)
                0x00000000000062b0                __ramfunc_load_start = LOADADDR (.ramfunc)

datas           0x0000000020000000       0x78 load address 0x00000000000062b0
                0x0000000020000000                __data_region_start = .
                0x0000000020000000                __data_start = .
 *(SORT_BY_ALIGNMENT(.data))
 *(SORT_BY_ALIGNMENT(.data.*))
 .data.FIH_FAILURE
                0x0000000020000000        0x4 app/libapp.a(fault_injection_hardening.c.obj)
                0x0000000020000000                FIH_FAILURE
 .data.g_last_idx
                0x0000000020000004        0x4 app/libapp.a(swap_move.c.obj)
 .data.flash_map
                0x0000000020000008        0x4 zephyr/libzephyr.a(flash_map_partition_manager.c.obj)
                0x0000000020000008                flash_map
 .data.SystemCoreClock
                0x000000002000000c        0x4 modules/hal_nordic/nrfx/libmodules__hal_nordic__nrfx.a(system_nrf52840.c.obj)
                0x000000002000000c                SystemCoreClock
 .data.timeout_list
                0x0000000020000010        0x8 zephyr/kernel/libkernel.a(timeout.c.obj)
 .data.platform_abort_apis
                0x0000000020000018        0x8 /home/rusky4/ncs/v2.0.0/nrfxlib/crypto/nrf_cc310_platform/lib/cortex-m4/hard-float/no-interrupts/libnrf_cc310_platform_0.9.14.a(nrf_cc3xx_platform_abort.c.obj)
                0x0000000020000018                platform_abort_apis
 .data.CCAsymCryptoMutex
                0x0000000020000020        0x4 /home/rusky4/ncs/v2.0.0/nrfxlib/crypto/nrf_cc310_platform/lib/cortex-m4/hard-float/no-interrupts/libnrf_cc310_platform_0.9.14.a(cc_pal.c.obj)
                0x0000000020000020                CCAsymCryptoMutex
 .data.CCPowerMutex
                0x0000000020000024        0x4 /home/rusky4/ncs/v2.0.0/nrfxlib/crypto/nrf_cc310_platform/lib/cortex-m4/hard-float/no-interrupts/libnrf_cc310_platform_0.9.14.a(cc_pal.c.obj)
                0x0000000020000024                CCPowerMutex
 .data.CCRndCryptoMutex
                0x0000000020000028        0x4 /home/rusky4/ncs/v2.0.0/nrfxlib/crypto/nrf_cc310_platform/lib/cortex-m4/hard-float/no-interrupts/libnrf_cc310_platform_0.9.14.a(cc_pal.c.obj)
                0x0000000020000028                CCRndCryptoMutex
 .data.CCSymCryptoMutex
                0x000000002000002c        0x4 /home/rusky4/ncs/v2.0.0/nrfxlib/crypto/nrf_cc310_platform/lib/cortex-m4/hard-float/no-interrupts/libnrf_cc310_platform_0.9.14.a(cc_pal.c.obj)
                0x000000002000002c                CCSymCryptoMutex
 .data.pCCRndCryptoMutex
                0x0000000020000030        0x4 /home/rusky4/ncs/v2.0.0/nrfxlib/crypto/nrf_cc310_platform/lib/cortex-m4/hard-float/no-interrupts/libnrf_cc310_platform_0.9.14.a(cc_pal.c.obj)
                0x0000000020000030                pCCRndCryptoMutex
 .data.asym_mutex
                0x0000000020000034        0x8 /home/rusky4/ncs/v2.0.0/nrfxlib/crypto/nrf_cc310_platform/lib/cortex-m4/hard-float/no-interrupts/libnrf_cc310_platform_0.9.14.a(nrf_cc3xx_platform_mutex.c.obj)
 .data.platform_mutex_apis
                0x000000002000003c       0x10 /home/rusky4/ncs/v2.0.0/nrfxlib/crypto/nrf_cc310_platform/lib/cortex-m4/hard-float/no-interrupts/libnrf_cc310_platform_0.9.14.a(nrf_cc3xx_platform_mutex.c.obj)
                0x000000002000003c                platform_mutex_apis
 .data.platform_mutexes
                0x000000002000004c       0x14 /home/rusky4/ncs/v2.0.0/nrfxlib/crypto/nrf_cc310_platform/lib/cortex-m4/hard-float/no-interrupts/libnrf_cc310_platform_0.9.14.a(nrf_cc3xx_platform_mutex.c.obj)
                0x000000002000004c                platform_mutexes
 .data.power_mutex
                0x0000000020000060        0x8 /home/rusky4/ncs/v2.0.0/nrfxlib/crypto/nrf_cc310_platform/lib/cortex-m4/hard-float/no-interrupts/libnrf_cc310_platform_0.9.14.a(nrf_cc3xx_platform_mutex.c.obj)
 .data.rng_mutex
                0x0000000020000068        0x8 /home/rusky4/ncs/v2.0.0/nrfxlib/crypto/nrf_cc310_platform/lib/cortex-m4/hard-float/no-interrupts/libnrf_cc310_platform_0.9.14.a(nrf_cc3xx_platform_mutex.c.obj)
 .data.sym_mutex
                0x0000000020000070        0x8 /home/rusky4/ncs/v2.0.0/nrfxlib/crypto/nrf_cc310_platform/lib/cortex-m4/hard-float/no-interrupts/libnrf_cc310_platform_0.9.14.a(nrf_cc3xx_platform_mutex.c.obj)
 *(SORT_BY_ALIGNMENT(.kernel.*))
                0x0000000020000078                __data_end = .
                0x0000000000000078                __data_size = (__data_end - __data_start)
                0x00000000000062b0                __data_load_start = LOADADDR (datas)
                0x00000000000062b0                __data_region_load_start = LOADADDR (datas)

device_states   0x0000000020000078        0xc load address 0x0000000000006328
                0x0000000020000078                __device_states_start = .
 *(SORT_BY_ALIGNMENT(.z_devstate))
 .z_devstate    0x0000000020000078        0x4 zephyr/drivers/clock_control/libdrivers__clock_control.a(clock_control_nrf.c.obj)
 .z_devstate    0x000000002000007c        0x4 zephyr/drivers/flash/libdrivers__flash.a(nrf_qspi_nor.c.obj)
 .z_devstate    0x0000000020000080        0x4 zephyr/drivers/flash/libdrivers__flash.a(soc_flash_nrf.c.obj)
 *(SORT_BY_ALIGNMENT(.z_devstate.*))
                0x0000000020000084                __device_states_end = .

initshell       0x0000000020000084        0x0 load address 0x0000000000006334
                0x0000000020000084                __shell_module_start = .
 *(SORT_BY_ALIGNMENT(.shell_module_*))
                0x0000000020000084                __shell_module_end = .
                0x0000000020000084                __shell_cmd_start = .
 *(SORT_BY_ALIGNMENT(.shell_cmd_*))
                0x0000000020000084                __shell_cmd_end = .

log_dynamic_sections
                0x0000000020000084        0x0 load address 0x0000000000006334
                0x0000000020000084                __log_dynamic_start = .
 *(SORT_BY_NAME(SORT_BY_ALIGNMENT(.log_dynamic_*)))
                0x0000000020000084                __log_dynamic_end = .

_static_thread_data_area
                0x0000000020000084        0x0 load address 0x0000000000006334
                0x0000000020000084                __static_thread_data_list_start = .
 *(SORT_BY_NAME(SORT_BY_ALIGNMENT(.__static_thread_data.static.*)))
                0x0000000020000084                __static_thread_data_list_end = .

k_timer_area    0x0000000020000084        0x0 load address 0x0000000000006334
                0x0000000020000084                _k_timer_list_start = .
 *(SORT_BY_NAME(SORT_BY_ALIGNMENT(._k_timer.static.*)))
                0x0000000020000084                _k_timer_list_end = .

k_mem_slab_area
                0x0000000020000084        0x0 load address 0x0000000000006334
                0x0000000020000084                _k_mem_slab_list_start = .
 *(SORT_BY_NAME(SORT_BY_ALIGNMENT(._k_mem_slab.static.*)))
                0x0000000020000084                _k_mem_slab_list_end = .

k_mem_pool_area
                0x0000000020000084        0x0 load address 0x0000000000006334
                0x0000000020000084                _k_mem_pool_list_start = .
 *(SORT_BY_NAME(SORT_BY_ALIGNMENT(._k_mem_pool.static.*)))
                0x0000000020000084                _k_mem_pool_list_end = .

k_heap_area     0x0000000020000084        0x0 load address 0x0000000000006334
                0x0000000020000084                _k_heap_list_start = .
 *(SORT_BY_NAME(SORT_BY_ALIGNMENT(._k_heap.static.*)))
                0x0000000020000084                _k_heap_list_end = .

k_mutex_area    0x0000000020000084        0x0 load address 0x0000000000006334
                0x0000000020000084                _k_mutex_list_start = .
 *(SORT_BY_NAME(SORT_BY_ALIGNMENT(._k_mutex.static.*)))
                0x0000000020000084                _k_mutex_list_end = .

k_stack_area    0x0000000020000084        0x0 load address 0x0000000000006334
                0x0000000020000084                _k_stack_list_start = .
 *(SORT_BY_NAME(SORT_BY_ALIGNMENT(._k_stack.static.*)))
                0x0000000020000084                _k_stack_list_end = .

k_msgq_area     0x0000000020000084        0x0 load address 0x0000000000006334
                0x0000000020000084                _k_msgq_list_start = .
 *(SORT_BY_NAME(SORT_BY_ALIGNMENT(._k_msgq.static.*)))
                0x0000000020000084                _k_msgq_list_end = .

k_mbox_area     0x0000000020000084        0x0 load address 0x0000000000006334
                0x0000000020000084                _k_mbox_list_start = .
 *(SORT_BY_NAME(SORT_BY_ALIGNMENT(._k_mbox.static.*)))
                0x0000000020000084                _k_mbox_list_end = .

k_pipe_area     0x0000000020000084        0x0 load address 0x0000000000006334
                0x0000000020000084                _k_pipe_list_start = .
 *(SORT_BY_NAME(SORT_BY_ALIGNMENT(._k_pipe.static.*)))
                0x0000000020000084                _k_pipe_list_end = .

k_sem_area      0x0000000020000084        0x0 load address 0x0000000000006334
                0x0000000020000084                _k_sem_list_start = .
 *(SORT_BY_NAME(SORT_BY_ALIGNMENT(._k_sem.static.*)))
                0x0000000020000084                _k_sem_list_end = .

k_event_area    0x0000000020000084        0x0 load address 0x0000000000006334
                0x0000000020000084                _k_event_list_start = .
 *(SORT_BY_NAME(SORT_BY_ALIGNMENT(._k_event.static.*)))
                0x0000000020000084                _k_event_list_end = .

k_queue_area    0x0000000020000084        0x0 load address 0x0000000000006334
                0x0000000020000084                _k_queue_list_start = .
 *(SORT_BY_NAME(SORT_BY_ALIGNMENT(._k_queue.static.*)))
                0x0000000020000084                _k_queue_list_end = .

k_condvar_area  0x0000000020000084        0x0 load address 0x0000000000006334
                0x0000000020000084                _k_condvar_list_start = .
 *(SORT_BY_NAME(SORT_BY_ALIGNMENT(._k_condvar.static.*)))
                0x0000000020000084                _k_condvar_list_end = .

_net_buf_pool_area
                0x0000000020000084        0x0 load address 0x0000000000006334
                0x0000000020000084                _net_buf_pool_list = .
 *(SORT_BY_NAME(SORT_BY_ALIGNMENT(._net_buf_pool.static.*)))
                0x0000000020000084                __data_region_end = .

bss             0x0000000020000088     0x16e6
                0x0000000020000088                . = ALIGN (0x4)
                0x0000000020000088                __bss_start = .
                0x0000000020000088                __kernel_ram_start = .
 *(SORT_BY_ALIGNMENT(.bss))
 *(SORT_BY_ALIGNMENT(.bss.*))
 .bss.anchor    0x0000000020000088        0x8 zephyr/drivers/timer/libdrivers__timer.a(nrf_rtc_timer.c.obj)
 .bss.cc_data   0x0000000020000090       0x10 zephyr/drivers/timer/libdrivers__timer.a(nrf_rtc_timer.c.obj)
 .bss.last_count
                0x00000000200000a0        0x8 zephyr/drivers/timer/libdrivers__timer.a(nrf_rtc_timer.c.obj)
 .bss.curr_tick
                0x00000000200000a8        0x8 zephyr/kernel/libkernel.a(timeout.c.obj)
 .bss.flash_dev
                0x00000000200000b0        0x4 app/libapp.a(flash_map_extended.c.obj)
 .bss.FIH_SUCCESS